Archive member included because of file (symbol)

libs/gcc/app_start.lib(fileSys.o)
                              build\gcc\obj/custom/fota/src/fota_ftp.o (Ql_FS_Open)
libs/gcc/app_start.lib(fota.o)
                              build\gcc\obj/custom/fota/src/fota_main.o (Ql_FOTA_Init)
libs/gcc/app_start.lib(gpio.o)
                              build\gcc\obj/cloud/zyf_mqtt_ble_app/zyf_custom/hwhal.o (Ql_GPIO_Init)
libs/gcc/app_start.lib(gprs.o)
                              build\gcc\obj/custom/fota/src/fota_main.o (Ql_GPRS_GetPDPContextId)
libs/gcc/app_start.lib(iic.o)
                              build\gcc\obj/example/nema_pro.o (Ql_IIC_Write)
libs/gcc/app_start.lib(lib_ril_sms.o)
                              build\gcc\obj/ril/src/ril_sms.o (LIB_SMS_IsValidHexStr)
libs/gcc/app_start.lib(memory.o)
                              build\gcc\obj/ril/src/ril_bluetooth.o (Ql_MEM_Alloc)
libs/gcc/app_start.lib(power.o)
                              build\gcc\obj/cloud/zyf_mqtt_ble_app/zyf_custom/main.o (Ql_SleepEnable)
libs/gcc/app_start.lib(ql_func.o)
                              libs/gcc/app_start.lib(memory.o) (api_notsup)
libs/gcc/app_start.lib(ql_main.o)
                              build\gcc\obj/ril/src/ril_bluetooth.o (Ql_Debug_Trace)
libs/gcc/app_start.lib(ril_aux.o)
                              build\gcc\obj/custom/config/sys_config.o (proc_reserved2)
libs/gcc/app_start.lib(ril_main.o)
                              build\gcc\obj/custom/config/sys_config.o (proc_reserved1)
libs/gcc/app_start.lib(socket.o)
                              build\gcc\obj/cloud/zyf_mqtt_ble_app/zyf_mqtt/platform/network/aliot_platform_network.o (Ql_SOC_Register)
libs/gcc/app_start.lib(stdlib_func.o)
                              build\gcc\obj/ril/src/Ril_dtmf.o (Ql_atof)
libs/gcc/app_start.lib(system.o)
                              build\gcc\obj/ril/src/ril_ftp.o (Ql_Sleep)
libs/gcc/app_start.lib(taskMngt.o)
                              build\gcc\obj/cloud/zyf_mqtt_ble_app/zyf_custom/main.o (Ql_OS_GetMessage)
libs/gcc/app_start.lib(time.o)
                              build\gcc\obj/cloud/zyf_mqtt_ble_app/zyf_custom/tiem.o (Ql_SetLocalTime)
libs/gcc/app_start.lib(timer.o)
                              build\gcc\obj/cloud/zyf_mqtt_ble_app/zyf_mqtt/user_mqtt.o (Ql_Timer_Register)
libs/gcc/app_start.lib(uart.o)
                              build\gcc\obj/cloud/zyf_mqtt_ble_app/zyf_custom/uart.o (Ql_UART_Register)
libs/gcc/app_start.lib(ocpu_init.o)
                              libs/gcc/app_start.lib(ql_main.o) (_OCPU_InitUserMem)
C:\Program Files (x86)\CodeSourcery\Sourcery_CodeBench_Lite_for_ARM_EABI/arm-none-eabi/lib/thumb/libm.a(lib_a-s_floor.o)
                              build\gcc\obj/cloud/zyf_mqtt_ble_app/zyf_protocol/cJSON.o (floor)
C:\Program Files (x86)\CodeSourcery\Sourcery_CodeBench_Lite_for_ARM_EABI/arm-none-eabi/lib/thumb/libm.a(lib_a-w_pow.o)
                              build\gcc\obj/cloud/zyf_mqtt_ble_app/zyf_protocol/cJSON.o (pow)
C:\Program Files (x86)\CodeSourcery\Sourcery_CodeBench_Lite_for_ARM_EABI/arm-none-eabi/lib/thumb/libm.a(lib_a-e_pow.o)
                              C:\Program Files (x86)\CodeSourcery\Sourcery_CodeBench_Lite_for_ARM_EABI/arm-none-eabi/lib/thumb/libm.a(lib_a-w_pow.o) (__ieee754_pow)
C:\Program Files (x86)\CodeSourcery\Sourcery_CodeBench_Lite_for_ARM_EABI/arm-none-eabi/lib/thumb/libm.a(lib_a-e_sqrt.o)
                              C:\Program Files (x86)\CodeSourcery\Sourcery_CodeBench_Lite_for_ARM_EABI/arm-none-eabi/lib/thumb/libm.a(lib_a-e_pow.o) (__ieee754_sqrt)
C:\Program Files (x86)\CodeSourcery\Sourcery_CodeBench_Lite_for_ARM_EABI/arm-none-eabi/lib/thumb/libm.a(lib_a-s_fabs.o)
                              C:\Program Files (x86)\CodeSourcery\Sourcery_CodeBench_Lite_for_ARM_EABI/arm-none-eabi/lib/thumb/libm.a(lib_a-e_pow.o) (fabs)
C:\Program Files (x86)\CodeSourcery\Sourcery_CodeBench_Lite_for_ARM_EABI/arm-none-eabi/lib/thumb/libm.a(lib_a-s_finite.o)
                              C:\Program Files (x86)\CodeSourcery\Sourcery_CodeBench_Lite_for_ARM_EABI/arm-none-eabi/lib/thumb/libm.a(lib_a-w_pow.o) (finite)
C:\Program Files (x86)\CodeSourcery\Sourcery_CodeBench_Lite_for_ARM_EABI/arm-none-eabi/lib/thumb/libm.a(lib_a-s_fpclassify.o)
                              C:\Program Files (x86)\CodeSourcery\Sourcery_CodeBench_Lite_for_ARM_EABI/arm-none-eabi/lib/thumb/libm.a(lib_a-w_pow.o) (__fpclassifyd)
C:\Program Files (x86)\CodeSourcery\Sourcery_CodeBench_Lite_for_ARM_EABI/arm-none-eabi/lib/thumb/libm.a(lib_a-s_lib_ver.o)
                              C:\Program Files (x86)\CodeSourcery\Sourcery_CodeBench_Lite_for_ARM_EABI/arm-none-eabi/lib/thumb/libm.a(lib_a-w_pow.o) (__fdlib_version)
C:\Program Files (x86)\CodeSourcery\Sourcery_CodeBench_Lite_for_ARM_EABI/arm-none-eabi/lib/thumb/libm.a(lib_a-s_matherr.o)
                              C:\Program Files (x86)\CodeSourcery\Sourcery_CodeBench_Lite_for_ARM_EABI/arm-none-eabi/lib/thumb/libm.a(lib_a-w_pow.o) (matherr)
[...]
Memory Configuration

Name             Origin             Length             Attributes
ROM              0x102ef040         0x00046000         xr
RAM              0xf03d2000         0x00019000         xrw
*default*        0x00000000         0xffffffff

Linker script and memory map

                0x102ef040                . = 0x102ef040

.initdata       0x102ef040       0x2c
 *(.initdata)
 .initdata      0x102ef040       0x2c libs/gcc/app_start.lib(ql_main.o)
                0x102ef040                GADLENTRY

text            0x102ef070     0x1ff8
 *(.text)
 .text          0x102ef070       0x4c libs/gcc/app_start.lib(ocpu_init.o)
                0x102ef070                _OCPU_InitUserMem
 *fill*         0x102ef0bc        0x4 00
 .text          0x102ef0c0      0x148 C:\Program Files (x86)\CodeSourcery\Sourcery_CodeBench_Lite_for_ARM_EABI/arm-none-eabi/lib/thumb/libm.a(lib_a-s_floor.o)
                0x102ef0c0                floor
 .text          0x102ef208       0x20 C:\Program Files (x86)\CodeSourcery\Sourcery_CodeBench_Lite_for_ARM_EABI/arm-none-eabi/lib/thumb/libc.a(lib_a-atoi.o)
                0x102ef208                atoi
                0x102ef218                _atoi_r
 .text          0x102ef228      0x108 C:\Program Files (x86)\CodeSourcery\Sourcery_CodeBench_Lite_for_ARM_EABI/arm-none-eabi/lib/thumb/libc.a(lib_a-memcpy.o)
                0x102ef228                memcpy
 .text          0x102ef330       0x90 C:\Program Files (x86)\CodeSourcery\Sourcery_CodeBench_Lite_for_ARM_EABI/arm-none-eabi/lib/thumb/libc.a(lib_a-memset.o)
                0x102ef330                memset
 .text          0x102ef3c0       0xe4 C:\Program Files (x86)\CodeSourcery\Sourcery_CodeBench_Lite_for_ARM_EABI/arm-none-eabi/lib/thumb/libc.a(lib_a-strchr.o)
                0x102ef3c0                strchr
 .text          0x102ef4a4       0x10 C:\Program Files (x86)\CodeSourcery\Sourcery_CodeBench_Lite_for_ARM_EABI/arm-none-eabi/lib/thumb/libc.a(lib_a-strcpy.o)
                0x102ef4a4                strcpy
 .text          0x102ef4b4       0x10 C:\Program Files (x86)\CodeSourcery\Sourcery_CodeBench_Lite_for_ARM_EABI/arm-none-eabi/lib/thumb/libc.a(lib_a-strlen.o)
                0x102ef4b4                strlen
 .text          0x102ef4c4       0xc0 C:\Program Files (x86)\CodeSourcery\Sourcery_CodeBench_Lite_for_ARM_EABI/arm-none-eabi/lib/thumb/libc.a(lib_a-strncmp.o)
                0x102ef4c4                strncmp
 .text          0x102ef584       0x78 C:\Program Files (x86)\CodeSourcery\Sourcery_CodeBench_Lite_for_ARM_EABI/arm-none-eabi/lib/thumb/libc.a(lib_a-strncpy.o)
                0x102ef584                strncpy
 .text          0x102ef5fc      0x4c8 C:\Program Files (x86)\CodeSourcery\Sourcery_CodeBench_Lite_for_ARM_EABI/arm-none-eabi/lib/thumb/libc.a(lib_a-strstr.o)
                0x102ef8cc                strstr
 .text          0x102efac4       0x18 C:\Program Files (x86)\CodeSourcery\Sourcery_CodeBench_Lite_for_ARM_EABI/arm-none-eabi/lib/thumb/libc.a(lib_a-strtok.o)
                0x102efac4                strtok
 .text          0x102efadc       0x7c C:\Program Files (x86)\CodeSourcery\Sourcery_CodeBench_Lite_for_ARM_EABI/arm-none-eabi/lib/thumb/libc.a(lib_a-strtok_r.o)
                0x102efadc                __strtok_r
                0x102efb48                strtok_r
 .text          0x102efb58      0x184 C:\Program Files (x86)\CodeSourcery\Sourcery_CodeBench_Lite_for_ARM_EABI/arm-none-eabi/lib/thumb/libc.a(lib_a-strtol.o)
                0x102efb58                _strtol_r
                0x102efcbc                strtol
 .text          0x102efcdc       0x94 C:\Program Files (x86)\CodeSourcery\Sourcery_CodeBench_Lite_for_ARM_EABI/arm-none-eabi/lib/thumb/libc.a(lib_a-memchr.o)
                0x102efcdc                memchr
 .text          0x102efd70       0x64 C:\Program Files (x86)\CodeSourcery\Sourcery_CodeBench_Lite_for_ARM_EABI/arm-none-eabi/lib/thumb/libc.a(lib_a-memcmp.o)
                0x102efd70                memcmp
 .text          0x102efdd4      0x11c C:\Program Files (x86)\CodeSourcery\Sourcery_CodeBench_Lite_for_ARM_EABI/lib/gcc/arm-none-eabi/4.6.1/thumb/libgcc.a(_udivsi3.o)
                0x102efdd4                __aeabi_uidiv
                0x102efdd4                __udivsi3
                0x102efed0                __aeabi_uidivmod
 .text          0x102efef0        0x4 C:\Program Files (x86)\CodeSourcery\Sourcery_CodeBench_Lite_for_ARM_EABI/lib/gcc/arm-none-eabi/4.6.1/thumb/libgcc.a(_dvmd_tls.o)
                0x102efef0                __aeabi_idiv0
                0x102efef0                __aeabi_ldiv0
 .text          0x102efef4      0x41c C:\Program Files (x86)\CodeSourcery\Sourcery_CodeBench_Lite_for_ARM_EABI/lib/gcc/arm-none-eabi/4.6.1/thumb/libgcc.a(_arm_addsubdf3.o)
                0x102efef4                __aeabi_drsub
                0x102efefc                __aeabi_dsub
                0x102efefc                __subdf3
                0x102eff00                __aeabi_dadd
                0x102eff00                __adddf3
                0x102f0210                __floatunsidf
                0x102f0210                __aeabi_ui2d
                0x102f0234                __floatsidf
                0x102f0234                __aeabi_i2d
                0x102f025c                __aeabi_f2d
                0x102f025c                __extendsfdf2
                0x102f029c                __floatundidf
                0x102f029c                __aeabi_ul2d
                0x102f02b0                __floatdidf
                0x102f02b0                __aeabi_l2d
 .text          0x102f0310      0x49c C:\Program Files (x86)\CodeSourcery\Sourcery_CodeBench_Lite_for_ARM_EABI/lib/gcc/arm-none-eabi/4.6.1/thumb/libgcc.a(_arm_muldivdf3.o)
                0x102f0310                __aeabi_dmul
                0x102f0310                __muldf3
                0x102f05a0                __divdf3
                0x102f05a0                __aeabi_ddiv
 .text          0x102f07ac      0x144 C:\Program Files (x86)\CodeSourcery\Sourcery_CodeBench_Lite_for_ARM_EABI/lib/gcc/arm-none-eabi/4.6.1/thumb/libgcc.a(_arm_cmpdf2.o)
                0x102f07ac                __gtdf2
                0x102f07ac                __gedf2
                0x102f07b4                __ltdf2
                0x102f07b4                __ledf2
                0x102f07bc                __nedf2
                0x102f07bc                __eqdf2
                0x102f07bc                __cmpdf2
                0x102f0844                __aeabi_cdrcmple
                0x102f0860                __aeabi_cdcmpeq
                0x102f0860                __aeabi_cdcmple
                0x102f0878                __aeabi_dcmpeq
                0x102f0890                __aeabi_dcmplt
                0x102f08a8                __aeabi_dcmple
                0x102f08c0                __aeabi_dcmpge
                0x102f08d8                __aeabi_dcmpgt
 .text          0x102f08f0       0x5c C:\Program Files (x86)\CodeSourcery\Sourcery_CodeBench_Lite_for_ARM_EABI/lib/gcc/arm-none-eabi/4.6.1/thumb/libgcc.a(_arm_fixdfsi.o)
                0x102f08f0                __aeabi_d2iz
                0x102f08f0                __fixdfsi
 .text          0x102f094c       0x54 C:\Program Files (x86)\CodeSourcery\Sourcery_CodeBench_Lite_for_ARM_EABI/lib/gcc/arm-none-eabi/4.6.1/thumb/libgcc.a(_arm_fixunsdfsi.o)
                0x102f094c                __aeabi_d2uiz
                0x102f094c                __fixunsdfsi
 .text          0x102f09a0       0xa0 C:\Program Files (x86)\CodeSourcery\Sourcery_CodeBench_Lite_for_ARM_EABI/lib/gcc/arm-none-eabi/4.6.1/thumb/libgcc.a(_arm_truncdfsf2.o)
                0x102f09a0                __truncdfsf2
                0x102f09a0                __aeabi_d2f
 .text          0x102f0a40      0x2ac C:\Program Files (x86)\CodeSourcery\Sourcery_CodeBench_Lite_for_ARM_EABI/lib/gcc/arm-none-eabi/4.6.1/thumb/libgcc.a(_arm_addsubsf3.o)
                0x102f0a40                __aeabi_frsub
                0x102f0a48                __subsf3
                0x102f0a48                __aeabi_fsub
                0x102f0a4c                __aeabi_fadd
                0x102f0a4c                __addsf3
                0x102f0c08                __aeabi_ui2f
                0x102f0c08                __floatunsisf
                0x102f0c10                __aeabi_i2f
                0x102f0c10                __floatsisf
                0x102f0c30                __aeabi_ul2f
                0x102f0c30                __floatundisf
                0x102f0c40                __aeabi_l2f
                0x102f0c40                __floatdisf
 .text          0x102f0cec      0x2f8 C:\Program Files (x86)\CodeSourcery\Sourcery_CodeBench_Lite_for_ARM_EABI/lib/gcc/arm-none-eabi/4.6.1/thumb/libgcc.a(_arm_muldivsf3.o)
                0x102f0cec                __mulsf3
                0x102f0cec                __aeabi_fmul
                0x102f0e84                __aeabi_fdiv
                0x102f0e84                __divsf3
 .text          0x102f0fe4       0x54 C:\Program Files (x86)\CodeSourcery\Sourcery_CodeBench_Lite_for_ARM_EABI/lib/gcc/arm-none-eabi/4.6.1/thumb/libgcc.a(_arm_fixunssfsi.o)
                0x102f0fe4                __fixunssfsi
                0x102f0fe4                __aeabi_f2uiz
 .text.stub     0x102f1038       0x2c linker stubs

.glue_7         0x102f1068        0x0
 .glue_7        0x00000000        0x0 linker stubs

.glue_7t        0x102f1068        0x0
 .glue_7t       0x00000000        0x0 linker stubs

.vfp11_veneer   0x102f1068        0x0
 .vfp11_veneer  0x00000000        0x0 linker stubs

.v4_bx          0x102f1068        0x0
 .v4_bx         0x00000000        0x0 linker stubs

.text.Ql_WTD_GetWDIPinCfg
                0x102f1068        0xc
 .text.Ql_WTD_GetWDIPinCfg
                0x102f1068        0xc build\gcc\obj/custom/config/custom_sys_cfg.o
                0x102f1068                Ql_WTD_GetWDIPinCfg

.iplt           0x102f1074        0x0
 .iplt          0x00000000        0x0 build\gcc\obj/custom/config/custom_sys_cfg.o

.text.Ql_RIL_AT_SetErrCode
                0x102f1074       0x10
 .text.Ql_RIL_AT_SetErrCode
                0x102f1074       0x10 build\gcc\obj/ril/src/ril_atResponse.o
                0x102f1074                Ql_RIL_AT_SetErrCode

.text.Default_atRsp_callback
                0x102f1084       0xcc
 .text.Default_atRsp_callback
                0x102f1084       0xcc build\gcc\obj/ril/src/ril_atResponse.o
                0x102f1084                Default_atRsp_callback

.text.ATRsp_QGatSetadv_Hdlr
                0x102f1150       0xe4
 .text.ATRsp_QGatSetadv_Hdlr
                0x102f1150       0xe4 build\gcc\obj/ril/src/ril_ble.o

.text.ATRsp_QBTGatsl_Hdlr
                0x102f1234       0xb8
 .text.ATRsp_QBTGatsl_Hdlr
                0x102f1234       0xb8 build\gcc\obj/ril/src/ril_ble.o

.text.ATRsp_QBTGatsrsp_Hdlr
                0x102f12ec       0xb8
 .text.ATRsp_QBTGatsrsp_Hdlr
                0x102f12ec       0xb8 build\gcc\obj/ril/src/ril_ble.o

.text.ATRsp_QBTGatsind_Hdlr
                0x102f13a4       0xb8
 .text.ATRsp_QBTGatsind_Hdlr
                0x102f13a4       0xb8 build\gcc\obj/ril/src/ril_ble.o

.text.ATRsp_QBTGatsst_Hdlr
                0x102f145c       0xb8
 .text.ATRsp_QBTGatsst_Hdlr
                0x102f145c       0xb8 build\gcc\obj/ril/src/ril_ble.o

.text.ATRsp_QBTGatsd_Hdlr
                0x102f1514       0xf8
 .text.ATRsp_QBTGatsd_Hdlr
                0x102f1514       0xf8 build\gcc\obj/ril/src/ril_ble.o

.text.ATRsp_QBTGatsc_Hdlr
                0x102f160c       0xdc
 .text.ATRsp_QBTGatsc_Hdlr
                0x102f160c       0xdc build\gcc\obj/ril/src/ril_ble.o

.text.ATRsp_QBTGatss_Hdlr
                0x102f16e8      0x100
 .text.ATRsp_QBTGatss_Hdlr
                0x102f16e8      0x100 build\gcc\obj/ril/src/ril_ble.o

.text.ATRsp_QBTGatsreg_Hdlr
                0x102f17e8       0xb8
 .text.ATRsp_QBTGatsreg_Hdlr
                0x102f17e8       0xb8 build\gcc\obj/ril/src/ril_ble.o

.text.RIL_BLE_Initialize
                0x102f18a0       0x1c
 .text.RIL_BLE_Initialize
                0x102f18a0       0x1c build\gcc\obj/ril/src/ril_ble.o
                0x102f18a0                RIL_BLE_Initialize

.text.RIL_BT_Gatsreg
                0x102f18bc       0xa8
 .text.RIL_BT_Gatsreg
                0x102f18bc       0xa8 build\gcc\obj/ril/src/ril_ble.o
                0x102f18bc                RIL_BT_Gatsreg

.text.RIL_BT_Gatss
                0x102f1964      0x180
 .text.RIL_BT_Gatss
                0x102f1964      0x180 build\gcc\obj/ril/src/ril_ble.o
                0x102f1964                RIL_BT_Gatss

.text.RIL_BT_Gatsc
                0x102f1ae4      0x114
 .text.RIL_BT_Gatsc
                0x102f1ae4      0x114 build\gcc\obj/ril/src/ril_ble.o
                0x102f1ae4                RIL_BT_Gatsc

.text.RIL_BT_Gatsd
                0x102f1bf8      0x138
 .text.RIL_BT_Gatsd
                0x102f1bf8      0x138 build\gcc\obj/ril/src/ril_ble.o
                0x102f1bf8                RIL_BT_Gatsd

.text.RIL_BT_Gatsst
                0x102f1d30      0x158
 .text.RIL_BT_Gatsst
                0x102f1d30      0x158 build\gcc\obj/ril/src/ril_ble.o
                0x102f1d30                RIL_BT_Gatsst

.text.RIL_BT_Gatsind
                0x102f1e88       0xac
 .text.RIL_BT_Gatsind
                0x102f1e88       0xac build\gcc\obj/ril/src/ril_ble.o
                0x102f1e88                RIL_BT_Gatsind

.text.RIL_BT_Gatsrsp
                0x102f1f34       0xb4
 .text.RIL_BT_Gatsrsp
                0x102f1f34       0xb4 build\gcc\obj/ril/src/ril_ble.o
                0x102f1f34                RIL_BT_Gatsrsp

.text.RIL_BT_Gatsl
                0x102f1fe8       0xa8
 .text.RIL_BT_Gatsl
                0x102f1fe8       0xa8 build\gcc\obj/ril/src/ril_ble.o
                0x102f1fe8                RIL_BT_Gatsl

.text.RIL_BT_QGatSetadv
                0x102f2090       0xac
 .text.RIL_BT_QGatSetadv
                0x102f2090       0xac build\gcc\obj/ril/src/ril_ble.o
                0x102f2090                RIL_BT_QGatSetadv

.text.OnURCHandler_BTGatscon
                0x102f213c      0x118
 .text.OnURCHandler_BTGatscon
                0x102f213c      0x118 build\gcc\obj/ril/src/ril_ble.o
                0x102f213c                OnURCHandler_BTGatscon

.text.OnURCHandler_BTGatwreq
                0x102f2254       0xf0
 .text.OnURCHandler_BTGatwreq
                0x102f2254       0xf0 build\gcc\obj/ril/src/ril_ble.o
                0x102f2254                OnURCHandler_BTGatwreq

.text.OnURCHandler_BTGatrreq
                0x102f2344       0xc0
 .text.OnURCHandler_BTGatrreq
                0x102f2344       0xc0 build\gcc\obj/ril/src/ril_ble.o
                0x102f2344                OnURCHandler_BTGatrreq

.text.OnURCHandler_BTpxpscon
                0x102f2404       0xa8
 .text.OnURCHandler_BTpxpscon
                0x102f2404       0xa8 build\gcc\obj/ril/src/ril_ble.o
                0x102f2404                OnURCHandler_BTpxpscon

.text.OnURCHandler_BTfmpscon
                0x102f24ac       0x9c
 .text.OnURCHandler_BTfmpscon
                0x102f24ac       0x9c build\gcc\obj/ril/src/ril_ble.o
                0x102f24ac                OnURCHandler_BTfmpscon

.text.BT_DevMngmt_Append
                0x102f2548       0x38
 .text.BT_DevMngmt_Append
                0x102f2548       0x38 build\gcc\obj/ril/src/ril_bluetooth.o

.text.BT_DevMngmt_isFull
                0x102f2580       0x40
 .text.BT_DevMngmt_isFull
                0x102f2580       0x40 build\gcc\obj/ril/src/ril_bluetooth.o

.text.ATRsp_QBTPWR_Hdlr
                0x102f25c0       0xbc
 .text.ATRsp_QBTPWR_Hdlr
                0x102f25c0       0xbc build\gcc\obj/ril/src/ril_bluetooth.o

.text.ATRsp_QBTSTATE_Hdlr
                0x102f267c      0x430
 .text.ATRsp_QBTSTATE_Hdlr
                0x102f267c      0x430 build\gcc\obj/ril/src/ril_bluetooth.o

.text.BT_DevMngmt_UpdateProfileId.constprop.0
                0x102f2aac       0x38
 .text.BT_DevMngmt_UpdateProfileId.constprop.0
                0x102f2aac       0x38 build\gcc\obj/ril/src/ril_bluetooth.o

.text.BT_DevMngmt_UpdatePairId.constprop.1
                0x102f2ae4       0x38
 .text.BT_DevMngmt_UpdatePairId.constprop.1
                0x102f2ae4       0x38 build\gcc\obj/ril/src/ril_bluetooth.o

.text.BT_DevMngmt_UpdateConnId.constprop.2
                0x102f2b1c       0x38
 .text.BT_DevMngmt_UpdateConnId.constprop.2
                0x102f2b1c       0x38 build\gcc\obj/ril/src/ril_bluetooth.o

.text.RIL_BT_Switch
                0x102f2b54       0x88
 .text.RIL_BT_Switch
                0x102f2b54       0x88 build\gcc\obj/ril/src/ril_bluetooth.o
                0x102f2b54                RIL_BT_Switch

.text.RIL_BT_GetPwrState
                0x102f2bdc       0x74
 .text.RIL_BT_GetPwrState
                0x102f2bdc       0x74 build\gcc\obj/ril/src/ril_bluetooth.o
                0x102f2bdc                RIL_BT_GetPwrState

.text.RIL_BT_SetName
                0x102f2c50       0x98
 .text.RIL_BT_SetName
                0x102f2c50       0x98 build\gcc\obj/ril/src/ril_bluetooth.o
                0x102f2c50                RIL_BT_SetName

.text.OnURCHandler_BTVisible
                0x102f2ce8       0xec
 .text.OnURCHandler_BTVisible
                0x102f2ce8       0xec build\gcc\obj/ril/src/ril_bluetooth.o
                0x102f2ce8                OnURCHandler_BTVisible

.text.OnURCHandler_BTScan
                0x102f2dd4      0x278
 .text.OnURCHandler_BTScan
                0x102f2dd4      0x278 build\gcc\obj/ril/src/ril_bluetooth.o
                0x102f2dd4                OnURCHandler_BTScan

.text.RIL_BT_QueryState
                0x102f304c       0x68
 .text.RIL_BT_QueryState
                0x102f304c       0x68 build\gcc\obj/ril/src/ril_bluetooth.o
                0x102f304c                RIL_BT_QueryState

.text.OnURCHandler_BTPair
                0x102f30b4      0x210
 .text.OnURCHandler_BTPair
                0x102f30b4      0x210 build\gcc\obj/ril/src/ril_bluetooth.o
                0x102f30b4                OnURCHandler_BTPair

.text.OnURCHandler_BTPairCnf
                0x102f32c4      0x218
 .text.OnURCHandler_BTPairCnf
                0x102f32c4      0x218 build\gcc\obj/ril/src/ril_bluetooth.o
                0x102f32c4                OnURCHandler_BTPairCnf

.text.OnURCHandler_BTConn
                0x102f34dc      0x234
 .text.OnURCHandler_BTConn
                0x102f34dc      0x234 build\gcc\obj/ril/src/ril_bluetooth.o
                0x102f34dc                OnURCHandler_BTConn

.text.OnURCHandler_BTConnCnf
                0x102f3710      0x2bc
 .text.OnURCHandler_BTConnCnf
                0x102f3710      0x2bc build\gcc\obj/ril/src/ril_bluetooth.o
                0x102f3710                OnURCHandler_BTConnCnf

.text.OnURCHandler_BTDisconn
                0x102f39cc      0x1c0
 .text.OnURCHandler_BTDisconn
                0x102f39cc      0x1c0 build\gcc\obj/ril/src/ril_bluetooth.o
                0x102f39cc                OnURCHandler_BTDisconn

.text.OnURCHandler_BTIndication
                0x102f3b8c      0x354
 .text.OnURCHandler_BTIndication
                0x102f3b8c      0x354 build\gcc\obj/ril/src/ril_bluetooth.o
                0x102f3b8c                OnURCHandler_BTIndication

.text.Ql_RIL_RcvDataFrmCore
                0x102f3ee0       0x20
 .text.Ql_RIL_RcvDataFrmCore
                0x102f3ee0       0x20 build\gcc\obj/ril/src/ril_custom.o
                0x102f3ee0                Ql_RIL_RcvDataFrmCore

.text.OnURCHandler_QToneDet
                0x102f3f00       0xf0
 .text.OnURCHandler_QToneDet
                0x102f3f00       0xf0 build\gcc\obj/ril/src/Ril_dtmf.o
                0x102f3f00                OnURCHandler_QToneDet

.text.OnURCHandler_QWDTMF
                0x102f3ff0       0xa0
 .text.OnURCHandler_QWDTMF
                0x102f3ff0       0xa0 build\gcc\obj/ril/src/Ril_dtmf.o
                0x102f3ff0                OnURCHandler_QWDTMF

.text.Callback_QIDEACT
                0x102f4090       0x54
 .text.Callback_QIDEACT
                0x102f4090       0x54 build\gcc\obj/ril/src/ril_ftp.o

.text.ATResponse_FTP_handler_Common
                0x102f40e4      0x150
 .text.ATResponse_FTP_handler_Common
                0x102f40e4      0x150 build\gcc\obj/ril/src/ril_ftp.o

.text.RIL_FTP_QFTPOPEN
                0x102f4234      0x294
 .text.RIL_FTP_QFTPOPEN
                0x102f4234      0x294 build\gcc\obj/ril/src/ril_ftp.o
                0x102f4234                RIL_FTP_QFTPOPEN

.text.RIL_FTP_QFTPCLOSE
                0x102f44c8       0xa8
 .text.RIL_FTP_QFTPCLOSE
                0x102f44c8       0xa8 build\gcc\obj/ril/src/ril_ftp.o
                0x102f44c8                RIL_FTP_QFTPCLOSE

.text.RIL_FTP_QFTPGET
                0x102f4570       0xbc
 .text.RIL_FTP_QFTPGET
                0x102f4570       0xbc build\gcc\obj/ril/src/ril_ftp.o
                0x102f4570                RIL_FTP_QFTPGET

.text.RIL_FTP_QFTPPATH
                0x102f462c       0xb8
 .text.RIL_FTP_QFTPPATH
                0x102f462c       0xb8 build\gcc\obj/ril/src/ril_ftp.o
                0x102f462c                RIL_FTP_QFTPPATH

.text.RIL_FTP_QFTPCFG
                0x102f46e4       0xc0
 .text.RIL_FTP_QFTPCFG
                0x102f46e4       0xc0 build\gcc\obj/ril/src/ril_ftp.o
                0x102f46e4                RIL_FTP_QFTPCFG

.text.RIL_FTP_QFTPSIZE
                0x102f47a4       0xb4
 .text.RIL_FTP_QFTPSIZE
                0x102f47a4       0xb4 build\gcc\obj/ril/src/ril_ftp.o
                0x102f47a4                RIL_FTP_QFTPSIZE

.text.RIL_FTP_QIDEACT
                0x102f4858       0x30
 .text.RIL_FTP_QIDEACT
                0x102f4858       0x30 build\gcc\obj/ril/src/ril_ftp.o
                0x102f4858                RIL_FTP_QIDEACT

.text.ATResponse_GPSRead_Hdlr
                0x102f4888      0x3c8
 .text.ATResponse_GPSRead_Hdlr
                0x102f4888      0x3c8 build\gcc\obj/ril/src/ril_gps.o

.text.RIL_GPS_Open
                0x102f4c50       0xb0
 .text.RIL_GPS_Open
                0x102f4c50       0xb0 build\gcc\obj/ril/src/ril_gps.o
                0x102f4c50                RIL_GPS_Open

.text.RIL_GPS_Read
                0x102f4d00      0x130
 .text.RIL_GPS_Read
                0x102f4d00      0x130 build\gcc\obj/ril/src/ril_gps.o
                0x102f4d00                RIL_GPS_Read

.text.OnURCHandler_GPSCMD
                0x102f4e30       0x6c
 .text.OnURCHandler_GPSCMD
                0x102f4e30       0x6c build\gcc\obj/ril/src/ril_gps.o
                0x102f4e30                OnURCHandler_GPSCMD

.text.RIL_GetInitCmdCnt
                0x102f4e9c        0x8
 .text.RIL_GetInitCmdCnt
                0x102f4e9c        0x8 build\gcc\obj/ril/src/ril_init.o
                0x102f4e9c                RIL_GetInitCmdCnt

.text.RIL_GetLimitedCmdCnt
                0x102f4ea4        0x8
 .text.RIL_GetLimitedCmdCnt
                0x102f4ea4        0x8 build\gcc\obj/ril/src/ril_init.o
                0x102f4ea4                RIL_GetLimitedCmdCnt

.text.RIL_GetLocation
                0x102f4eac       0xd4
 .text.RIL_GetLocation
                0x102f4eac       0xd4 build\gcc\obj/ril/src/ril_location.o
                0x102f4eac                RIL_GetLocation

.text.OnURCHandler_QCELLLocation
                0x102f4f80       0xd4
 .text.OnURCHandler_QCELLLocation
                0x102f4f80       0xd4 build\gcc\obj/ril/src/ril_location.o
                0x102f4f80                OnURCHandler_QCELLLocation

.text.ATResponse_CSQ_Handler
                0x102f5054       0xc4
 .text.ATResponse_CSQ_Handler
                0x102f5054       0xc4 build\gcc\obj/ril/src/ril_network.o

.text.ATResponse_CGREG_Handler
                0x102f5118       0xc8
 .text.ATResponse_CGREG_Handler
                0x102f5118       0xc8 build\gcc\obj/ril/src/ril_network.o

.text.ATResponse_CREG_Handler
                0x102f51e0       0xc8
 .text.ATResponse_CREG_Handler
                0x102f51e0       0xc8 build\gcc\obj/ril/src/ril_network.o

.text.RIL_NW_GetGSMState
                0x102f52a8       0x78
 .text.RIL_NW_GetGSMState
                0x102f52a8       0x78 build\gcc\obj/ril/src/ril_network.o
                0x102f52a8                RIL_NW_GetGSMState

.text.RIL_NW_GetGPRSState
                0x102f5320       0x78
 .text.RIL_NW_GetGPRSState
                0x102f5320       0x78 build\gcc\obj/ril/src/ril_network.o
                0x102f5320                RIL_NW_GetGPRSState

.text.RIL_NW_GetSignalQuality
                0x102f5398       0x98
 .text.RIL_NW_GetSignalQuality
                0x102f5398       0x98 build\gcc\obj/ril/src/ril_network.o
                0x102f5398                RIL_NW_GetSignalQuality

.text.RIL_NW_SetGPRSContext
                0x102f5430       0x7c
 .text.RIL_NW_SetGPRSContext
                0x102f5430       0x7c build\gcc\obj/ril/src/ril_network.o
                0x102f5430                RIL_NW_SetGPRSContext

.text.RIL_NW_SetAPN
                0x102f54ac       0xec
 .text.RIL_NW_SetAPN
                0x102f54ac       0xec build\gcc\obj/ril/src/ril_network.o
                0x102f54ac                RIL_NW_SetAPN

.text.OnURCHandler_NTPCMD
                0x102f5598       0x6c
 .text.OnURCHandler_NTPCMD
                0x102f5598       0x6c build\gcc\obj/ril/src/ril_ntp.o
                0x102f5598                OnURCHandler_NTPCMD

.text.ATRsp_CCID_Handler
                0x102f5604       0xc0
 .text.ATRsp_CCID_Handler
                0x102f5604       0xc0 build\gcc\obj/ril/src/ril_sim.o

.text.ATRsp_IMSI_Handler
                0x102f56c4       0x9c
 .text.ATRsp_IMSI_Handler
                0x102f56c4       0x9c build\gcc\obj/ril/src/ril_sim.o

.text.RIL_SIM_GetSimStateByName
                0x102f5760      0x154
 .text.RIL_SIM_GetSimStateByName
                0x102f5760      0x154 build\gcc\obj/ril/src/ril_sim.o
                0x102f5760                RIL_SIM_GetSimStateByName

.text.ATResponse_CPIN_Handler
                0x102f58b4      0x17c
 .text.ATResponse_CPIN_Handler
                0x102f58b4      0x17c build\gcc\obj/ril/src/ril_sim.o

.text.RIL_SIM_GetSimState
                0x102f5a30       0x78
 .text.RIL_SIM_GetSimState
                0x102f5a30       0x78 build\gcc\obj/ril/src/ril_sim.o
                0x102f5a30                RIL_SIM_GetSimState

.text.RIL_SIM_GetIMSI
                0x102f5aa8       0x74
 .text.RIL_SIM_GetIMSI
                0x102f5aa8       0x74 build\gcc\obj/ril/src/ril_sim.o
                0x102f5aa8                RIL_SIM_GetIMSI

.text.RIL_SIM_GetCCID
                0x102f5b1c       0x74
 .text.RIL_SIM_GetCCID
                0x102f5b1c       0x74 build\gcc\obj/ril/src/ril_sim.o
                0x102f5b1c                RIL_SIM_GetCCID

.text.ATRsp_IMEI_Handler
                0x102f5b90       0x9c
 .text.ATRsp_IMEI_Handler
                0x102f5b90       0x9c build\gcc\obj/ril/src/ril_system.o

.text.Power_ATResponse_Hanlder
                0x102f5c2c      0x18c
 .text.Power_ATResponse_Hanlder
                0x102f5c2c      0x18c build\gcc\obj/ril/src/ril_system.o

.text.RIL_GetPowerSupply
                0x102f5db8       0x58
 .text.RIL_GetPowerSupply
                0x102f5db8       0x58 build\gcc\obj/ril/src/ril_system.o
                0x102f5db8                RIL_GetPowerSupply

.text.RIL_GetIMEI
                0x102f5e10       0x70
 .text.RIL_GetIMEI
                0x102f5e10       0x70 build\gcc\obj/ril/src/ril_system.o
                0x102f5e10                RIL_GetIMEI

.text.OnURCHandler_HTTP
                0x102f5e80       0x6c
 .text.OnURCHandler_HTTP
                0x102f5e80       0x6c build\gcc\obj/ril/src/ril_urc.o

.text.OnURCHandler_AudPlayInd
                0x102f5eec       0x50
 .text.OnURCHandler_AudPlayInd
                0x102f5eec       0x50 build\gcc\obj/ril/src/ril_urc.o

.text.OnURCHandler_FTP
                0x102f5f3c      0x170
 .text.OnURCHandler_FTP
                0x102f5f3c      0x170 build\gcc\obj/ril/src/ril_urc.o

.text.OnURCHandler_AlarmRing
                0x102f60ac       0x28
 .text.OnURCHandler_AlarmRing
                0x102f60ac       0x28 build\gcc\obj/ril/src/ril_urc.o

.text.OnURCHandler_InitStat
                0x102f60d4       0x64
 .text.OnURCHandler_InitStat
                0x102f60d4       0x64 build\gcc\obj/ril/src/ril_urc.o

.text.OnURCHandler_CFUN
                0x102f6138       0xc0
 .text.OnURCHandler_CFUN
                0x102f6138       0xc0 build\gcc\obj/ril/src/ril_urc.o

.text.OnURCHandler_Voltage
                0x102f61f8       0x9c
 .text.OnURCHandler_Voltage
                0x102f61f8       0x9c build\gcc\obj/ril/src/ril_urc.o

.text.OnURCHandler_Network
                0x102f6294      0x178
 .text.OnURCHandler_Network
                0x102f6294      0x178 build\gcc\obj/ril/src/ril_urc.o

.text.OnURCHandler_Call
                0x102f640c      0x274
 .text.OnURCHandler_Call
                0x102f640c      0x274 build\gcc\obj/ril/src/ril_urc.o

.text.OnURCHandler_SIM
                0x102f6680      0x100
 .text.OnURCHandler_SIM
                0x102f6680      0x100 build\gcc\obj/ril/src/ril_urc.o

.text.OnURCHandler_SMS
                0x102f6780      0x138
 .text.OnURCHandler_SMS
                0x102f6780      0x138 build\gcc\obj/ril/src/ril_urc.o

.text.OnURCHandler
                0x102f68b8       0xbc
 .text.OnURCHandler
                0x102f68b8       0xbc build\gcc\obj/ril/src/ril_urc.o
                0x102f68b8                OnURCHandler

.text.Ql_RIL_IsURCStr
                0x102f6974       0x84
 .text.Ql_RIL_IsURCStr
                0x102f6974       0x84 build\gcc\obj/ril/src/ril_urc.o
                0x102f6974                Ql_RIL_IsURCStr

.text.Ql_StrPrefixMatch
                0x102f69f8       0x40
 .text.Ql_StrPrefixMatch
                0x102f69f8       0x40 build\gcc\obj/ril/src/ril_util.o
                0x102f69f8                Ql_StrPrefixMatch

.text.Ql_StrToUpper
                0x102f6a38       0x44
 .text.Ql_StrToUpper
                0x102f6a38       0x44 build\gcc\obj/ril/src/ril_util.o
                0x102f6a38                Ql_StrToUpper

.text.Ql_RIL_FindString
                0x102f6a7c       0x8c
 .text.Ql_RIL_FindString
                0x102f6a7c       0x8c build\gcc\obj/ril/src/ril_util.o
                0x102f6a7c                Ql_RIL_FindString

.text.Ql_RIL_FindLine
                0x102f6b08      0x274
 .text.Ql_RIL_FindLine
                0x102f6b08      0x274 build\gcc\obj/ril/src/ril_util.o
                0x102f6b08                Ql_RIL_FindLine

.text.Ql_GenHash
                0x102f6d7c       0x4c
 .text.Ql_GenHash
                0x102f6d7c       0x4c build\gcc\obj/ril/src/ril_util.o
                0x102f6d7c                Ql_GenHash

.text.FTP_Callback_OnDownload
                0x102f6dc8      0x580
 .text.FTP_Callback_OnDownload
                0x102f6dc8      0x580 build\gcc\obj/custom/fota/src/fota_ftp.o
                0x102f6dc8                FTP_Callback_OnDownload

.text.FTP_FotaMain
                0x102f7348      0x98c
 .text.FTP_FotaMain
                0x102f7348      0x98c build\gcc\obj/custom/fota/src/fota_ftp.o
                0x102f7348                FTP_FotaMain

.text.FTP_IsFtpServer
                0x102f7cd4       0x50
 .text.FTP_IsFtpServer
                0x102f7cd4       0x50 build\gcc\obj/custom/fota/src/fota_ftp.o
                0x102f7cd4                FTP_IsFtpServer

.text.Fota_Upgrade_States
                0x102f7d24      0x16c
 .text.Fota_Upgrade_States
                0x102f7d24      0x16c build\gcc\obj/custom/fota/src/fota_main.o

.text.Ql_FOTA_StartUpgrade
                0x102f7e90      0x194
 .text.Ql_FOTA_StartUpgrade
                0x102f7e90      0x194 build\gcc\obj/custom/fota/src/fota_main.o
                0x102f7e90                Ql_FOTA_StartUpgrade

.text.aliot_auth
                0x102f8024      0xb0c
 .text.aliot_auth
                0x102f8024      0xb0c build\gcc\obj/cloud/zyf_mqtt_ble_app/zyf_mqtt/auth/aliot_auth.o
                0x102f8024                aliot_auth

.text.amc_check_rule
                0x102f8b30      0x154
 .text.amc_check_rule
                0x102f8b30      0x154 build\gcc\obj/cloud/zyf_mqtt_ble_app/zyf_mqtt/mqtt/aliot_mqtt_client.o

.text.amc_check_topic
                0x102f8c84      0x1f8
 .text.amc_check_topic
                0x102f8c84      0x1f8 build\gcc\obj/cloud/zyf_mqtt_ble_app/zyf_mqtt/mqtt/aliot_mqtt_client.o

.text.amc_get_client_state
                0x102f8e7c       0x34
 .text.amc_get_client_state
                0x102f8e7c       0x34 build\gcc\obj/cloud/zyf_mqtt_ble_app/zyf_mqtt/mqtt/aliot_mqtt_client.o

.text.amc_check_state_normal
                0x102f8eb0       0x20
 .text.amc_check_state_normal
                0x102f8eb0       0x20 build\gcc\obj/cloud/zyf_mqtt_ble_app/zyf_mqtt/mqtt/aliot_mqtt_client.o

.text.amc_get_next_packetid
                0x102f8ed0       0x4c
 .text.amc_get_next_packetid
                0x102f8ed0       0x4c build\gcc\obj/cloud/zyf_mqtt_ble_app/zyf_mqtt/mqtt/aliot_mqtt_client.o

.text.amc_set_client_state
                0x102f8f1c       0x34
 .text.amc_set_client_state
                0x102f8f1c       0x34 build\gcc\obj/cloud/zyf_mqtt_ble_app/zyf_mqtt/mqtt/aliot_mqtt_client.o

.text.amc_push_subInfo_to
                0x102f8f50      0x204
 .text.amc_push_subInfo_to
                0x102f8f50      0x204 build\gcc\obj/cloud/zyf_mqtt_ble_app/zyf_mqtt/mqtt/aliot_mqtt_client.o

.text.amc_mask_subInfo_from
                0x102f9154      0x134
 .text.amc_mask_subInfo_from
                0x102f9154      0x134 build\gcc\obj/cloud/zyf_mqtt_ble_app/zyf_mqtt/mqtt/aliot_mqtt_client.o

.text.amc_check_handle_is_identical
                0x102f9288       0x84
 .text.amc_check_handle_is_identical
                0x102f9288       0x84 build\gcc\obj/cloud/zyf_mqtt_ble_app/zyf_mqtt/mqtt/aliot_mqtt_client.o

.text.amc_read_packet
                0x102f930c      0x450
 .text.amc_read_packet
                0x102f930c      0x450 build\gcc\obj/cloud/zyf_mqtt_ble_app/zyf_mqtt/mqtt/aliot_mqtt_client.o

.text.amc_send_packet.isra.1
                0x102f975c       0x90
 .text.amc_send_packet.isra.1
                0x102f975c       0x90 build\gcc\obj/cloud/zyf_mqtt_ble_app/zyf_mqtt/mqtt/aliot_mqtt_client.o

.text.MQTTPuback
                0x102f97ec      0x104
 .text.MQTTPuback
                0x102f97ec      0x104 build\gcc\obj/cloud/zyf_mqtt_ble_app/zyf_mqtt/mqtt/aliot_mqtt_client.o

.text.MQTTDisconnect
                0x102f98f0       0x98
 .text.MQTTDisconnect
                0x102f98f0       0x98 build\gcc\obj/cloud/zyf_mqtt_ble_app/zyf_mqtt/mqtt/aliot_mqtt_client.o

.text.amc_release
                0x102f9988      0x17c
 .text.amc_release
                0x102f9988      0x17c build\gcc\obj/cloud/zyf_mqtt_ble_app/zyf_mqtt/mqtt/aliot_mqtt_client.o

.text.MQTTConnect
                0x102f9b04      0x18c
 .text.MQTTConnect
                0x102f9b04      0x18c build\gcc\obj/cloud/zyf_mqtt_ble_app/zyf_mqtt/mqtt/aliot_mqtt_client.o
                0x102f9b04                MQTTConnect

.text.amc_connect
                0x102f9c90      0x640
 .text.amc_connect
                0x102f9c90      0x640 build\gcc\obj/cloud/zyf_mqtt_ble_app/zyf_mqtt/mqtt/aliot_mqtt_client.o

.text.MQTTPublish
                0x102fa2d0      0x41c
 .text.MQTTPublish
                0x102fa2d0      0x41c build\gcc\obj/cloud/zyf_mqtt_ble_app/zyf_mqtt/mqtt/aliot_mqtt_client.o
                0x102fa2d0                MQTTPublish

.text.aliot_mqtt_construct
                0x102fa6ec      0x308
 .text.aliot_mqtt_construct
                0x102fa6ec      0x308 build\gcc\obj/cloud/zyf_mqtt_ble_app/zyf_mqtt/mqtt/aliot_mqtt_client.o
                0x102fa6ec                aliot_mqtt_construct

.text.aliot_mqtt_deconstruct
                0x102fa9f4       0x18
 .text.aliot_mqtt_deconstruct
                0x102fa9f4       0x18 build\gcc\obj/cloud/zyf_mqtt_ble_app/zyf_mqtt/mqtt/aliot_mqtt_client.o
                0x102fa9f4                aliot_mqtt_deconstruct

.text.aliot_mqtt_yield
                0x102faa0c     0x16b4
 .text.aliot_mqtt_yield
                0x102faa0c     0x16b4 build\gcc\obj/cloud/zyf_mqtt_ble_app/zyf_mqtt/mqtt/aliot_mqtt_client.o
                0x102faa0c                aliot_mqtt_yield

.text.aliot_mqtt_subscribe
                0x102fc0c0      0x450
 .text.aliot_mqtt_subscribe
                0x102fc0c0      0x450 build\gcc\obj/cloud/zyf_mqtt_ble_app/zyf_mqtt/mqtt/aliot_mqtt_client.o
                0x102fc0c0                aliot_mqtt_subscribe

.text.aliot_mqtt_publish
                0x102fc510      0x23c
 .text.aliot_mqtt_publish
                0x102fc510      0x23c build\gcc\obj/cloud/zyf_mqtt_ble_app/zyf_mqtt/mqtt/aliot_mqtt_client.o
                0x102fc510                aliot_mqtt_publish

.text.aliot_send_ping
                0x102fc74c       0x30
 .text.aliot_send_ping
                0x102fc74c       0x30 build\gcc\obj/cloud/zyf_mqtt_ble_app/zyf_mqtt/mqtt/aliot_mqtt_client.o
                0x102fc74c                aliot_send_ping

.text.MQTTSerialize_connectLength
                0x102fc77c       0xdc
 .text.MQTTSerialize_connectLength
                0x102fc77c       0xdc build\gcc\obj/cloud/zyf_mqtt_ble_app/zyf_mqtt/mqtt/MQTTPacket/MQTTConnectClient.o
                0x102fc77c                MQTTSerialize_connectLength

.text.MQTTSerialize_connect
                0x102fc858      0x1e0
 .text.MQTTSerialize_connect
                0x102fc858      0x1e0 build\gcc\obj/cloud/zyf_mqtt_ble_app/zyf_mqtt/mqtt/MQTTPacket/MQTTConnectClient.o
                0x102fc858                MQTTSerialize_connect

.text.MQTTDeserialize_connack
                0x102fca38       0x88
 .text.MQTTDeserialize_connack
                0x102fca38       0x88 build\gcc\obj/cloud/zyf_mqtt_ble_app/zyf_mqtt/mqtt/MQTTPacket/MQTTConnectClient.o
                0x102fca38                MQTTDeserialize_connack

.text.MQTTSerialize_zero
                0x102fcac0       0x54
 .text.MQTTSerialize_zero
                0x102fcac0       0x54 build\gcc\obj/cloud/zyf_mqtt_ble_app/zyf_mqtt/mqtt/MQTTPacket/MQTTConnectClient.o
                0x102fcac0                MQTTSerialize_zero

.text.MQTTSerialize_disconnect
                0x102fcb14       0x18
 .text.MQTTSerialize_disconnect
                0x102fcb14       0x18 build\gcc\obj/cloud/zyf_mqtt_ble_app/zyf_mqtt/mqtt/MQTTPacket/MQTTConnectClient.o
                0x102fcb14                MQTTSerialize_disconnect

.text.MQTTSerialize_pingreq
                0x102fcb2c       0x18
 .text.MQTTSerialize_pingreq
                0x102fcb2c       0x18 build\gcc\obj/cloud/zyf_mqtt_ble_app/zyf_mqtt/mqtt/MQTTPacket/MQTTConnectClient.o
                0x102fcb2c                MQTTSerialize_pingreq

.text.MQTTDeserialize_publish
                0x102fcb44      0x108
 .text.MQTTDeserialize_publish
                0x102fcb44      0x108 build\gcc\obj/cloud/zyf_mqtt_ble_app/zyf_mqtt/mqtt/MQTTPacket/MQTTDeserializePublish.o
                0x102fcb44                MQTTDeserialize_publish

.text.MQTTDeserialize_ack
                0x102fcc4c       0x88
 .text.MQTTDeserialize_ack
                0x102fcc4c       0x88 build\gcc\obj/cloud/zyf_mqtt_ble_app/zyf_mqtt/mqtt/MQTTPacket/MQTTDeserializePublish.o
                0x102fcc4c                MQTTDeserialize_ack

.text.bufchar   0x102fccd4       0x44
 .text.bufchar  0x102fccd4       0x44 build\gcc\obj/cloud/zyf_mqtt_ble_app/zyf_mqtt/mqtt/MQTTPacket/MQTTPacket.o
                0x102fccd4                bufchar

.text.MQTTPacket_encode
                0x102fcd18       0x54
 .text.MQTTPacket_encode
                0x102fcd18       0x54 build\gcc\obj/cloud/zyf_mqtt_ble_app/zyf_mqtt/mqtt/MQTTPacket/MQTTPacket.o
                0x102fcd18                MQTTPacket_encode

.text.MQTTPacket_decode
                0x102fcd6c       0x60
 .text.MQTTPacket_decode
                0x102fcd6c       0x60 build\gcc\obj/cloud/zyf_mqtt_ble_app/zyf_mqtt/mqtt/MQTTPacket/MQTTPacket.o
                0x102fcd6c                MQTTPacket_decode

.text.MQTTPacket_len
                0x102fcdcc       0x34
 .text.MQTTPacket_len
                0x102fcdcc       0x34 build\gcc\obj/cloud/zyf_mqtt_ble_app/zyf_mqtt/mqtt/MQTTPacket/MQTTPacket.o
                0x102fcdcc                MQTTPacket_len

.text.MQTTPacket_decodeBuf
                0x102fce00       0x28
 .text.MQTTPacket_decodeBuf
                0x102fce00       0x28 build\gcc\obj/cloud/zyf_mqtt_ble_app/zyf_mqtt/mqtt/MQTTPacket/MQTTPacket.o
                0x102fce00                MQTTPacket_decodeBuf

.text.readInt   0x102fce28       0x20
 .text.readInt  0x102fce28       0x20 build\gcc\obj/cloud/zyf_mqtt_ble_app/zyf_mqtt/mqtt/MQTTPacket/MQTTPacket.o
                0x102fce28                readInt

.text.readChar  0x102fce48       0x14
 .text.readChar
                0x102fce48       0x14 build\gcc\obj/cloud/zyf_mqtt_ble_app/zyf_mqtt/mqtt/MQTTPacket/MQTTPacket.o
                0x102fce48                readChar

.text.writeChar
                0x102fce5c       0x18
 .text.writeChar
                0x102fce5c       0x18 build\gcc\obj/cloud/zyf_mqtt_ble_app/zyf_mqtt/mqtt/MQTTPacket/MQTTPacket.o
                0x102fce5c                writeChar

.text.writeInt  0x102fce74       0x58
 .text.writeInt
                0x102fce74       0x58 build\gcc\obj/cloud/zyf_mqtt_ble_app/zyf_mqtt/mqtt/MQTTPacket/MQTTPacket.o
                0x102fce74                writeInt

.text.writeCString
                0x102fcecc       0x5c
 .text.writeCString
                0x102fcecc       0x5c build\gcc\obj/cloud/zyf_mqtt_ble_app/zyf_mqtt/mqtt/MQTTPacket/MQTTPacket.o
                0x102fcecc                writeCString

.text.writeMQTTString
                0x102fcf28       0x74
 .text.writeMQTTString
                0x102fcf28       0x74 build\gcc\obj/cloud/zyf_mqtt_ble_app/zyf_mqtt/mqtt/MQTTPacket/MQTTPacket.o
                0x102fcf28                writeMQTTString

.text.readMQTTLenString
                0x102fcf9c       0x6c
 .text.readMQTTLenString
                0x102fcf9c       0x6c build\gcc\obj/cloud/zyf_mqtt_ble_app/zyf_mqtt/mqtt/MQTTPacket/MQTTPacket.o
                0x102fcf9c                readMQTTLenString

.text.MQTTstrlen
                0x102fd008       0x30
 .text.MQTTstrlen
                0x102fd008       0x30 build\gcc\obj/cloud/zyf_mqtt_ble_app/zyf_mqtt/mqtt/MQTTPacket/MQTTPacket.o
                0x102fd008                MQTTstrlen

.text.MQTTPacket_equals
                0x102fd038       0x6c
 .text.MQTTPacket_equals
                0x102fd038       0x6c build\gcc\obj/cloud/zyf_mqtt_ble_app/zyf_mqtt/mqtt/MQTTPacket/MQTTPacket.o
                0x102fd038                MQTTPacket_equals

.text.MQTTSerialize_publishLength
                0x102fd0a4       0x3c
 .text.MQTTSerialize_publishLength
                0x102fd0a4       0x3c build\gcc\obj/cloud/zyf_mqtt_ble_app/zyf_mqtt/mqtt/MQTTPacket/MQTTSerializePublish.o
                0x102fd0a4                MQTTSerialize_publishLength

.text.MQTTSerialize_publish
                0x102fd0e0      0x108
 .text.MQTTSerialize_publish
                0x102fd0e0      0x108 build\gcc\obj/cloud/zyf_mqtt_ble_app/zyf_mqtt/mqtt/MQTTPacket/MQTTSerializePublish.o
                0x102fd0e0                MQTTSerialize_publish

.text.MQTTSerialize_ack
                0x102fd1e8       0x88
 .text.MQTTSerialize_ack
                0x102fd1e8       0x88 build\gcc\obj/cloud/zyf_mqtt_ble_app/zyf_mqtt/mqtt/MQTTPacket/MQTTSerializePublish.o
                0x102fd1e8                MQTTSerialize_ack

.text.MQTTSerialize_subscribeLength
                0x102fd270       0x48
 .text.MQTTSerialize_subscribeLength
                0x102fd270       0x48 build\gcc\obj/cloud/zyf_mqtt_ble_app/zyf_mqtt/mqtt/MQTTPacket/MQTTSubscribeClient.o
                0x102fd270                MQTTSerialize_subscribeLength

.text.MQTTSerialize_subscribe
                0x102fd2b8       0xf8
 .text.MQTTSerialize_subscribe
                0x102fd2b8       0xf8 build\gcc\obj/cloud/zyf_mqtt_ble_app/zyf_mqtt/mqtt/MQTTPacket/MQTTSubscribeClient.o
                0x102fd2b8                MQTTSerialize_subscribe

.text.MQTTDeserialize_suback
                0x102fd3b0       0xd0
 .text.MQTTDeserialize_suback
                0x102fd3b0       0xd0 build\gcc\obj/cloud/zyf_mqtt_ble_app/zyf_mqtt/mqtt/MQTTPacket/MQTTSubscribeClient.o
                0x102fd3b0                MQTTDeserialize_suback

.text.MQTTDeserialize_unsuback
                0x102fd480       0x48
 .text.MQTTDeserialize_unsuback
                0x102fd480       0x48 build\gcc\obj/cloud/zyf_mqtt_ble_app/zyf_mqtt/mqtt/MQTTPacket/MQTTUnsubscribeClient.o
                0x102fd480                MQTTDeserialize_unsuback

.text.aliot_ca_get
                0x102fd4c8        0xc
 .text.aliot_ca_get
                0x102fd4c8        0xc build\gcc\obj/cloud/zyf_mqtt_ble_app/zyf_mqtt/system/aliot_ca.o
                0x102fd4c8                aliot_ca_get

.text.aliot_get_device_info
                0x102fd4d4        0xc
 .text.aliot_get_device_info
                0x102fd4d4        0xc build\gcc\obj/cloud/zyf_mqtt_ble_app/zyf_mqtt/system/aliot_device.o
                0x102fd4d4                aliot_get_device_info

.text.aliot_get_user_info
                0x102fd4e0        0xc
 .text.aliot_get_user_info
                0x102fd4e0        0xc build\gcc\obj/cloud/zyf_mqtt_ble_app/zyf_mqtt/system/aliot_device.o
                0x102fd4e0                aliot_get_user_info

.text.aliot_hmac_md5
                0x102fd4ec      0x178
 .text.aliot_hmac_md5
                0x102fd4ec      0x178 build\gcc\obj/cloud/zyf_mqtt_ble_app/zyf_mqtt/utility/aliot_hmac.o
                0x102fd4ec                aliot_hmac_md5

.text.httpclient_recv.isra.0
                0x102fd664      0x184
 .text.httpclient_recv.isra.0
                0x102fd664      0x184 build\gcc\obj/cloud/zyf_mqtt_ble_app/zyf_mqtt/utility/aliot_httpclient.o

.text.httpclient_retrieve_content
                0x102fd7e8      0x60c
 .text.httpclient_retrieve_content
                0x102fd7e8      0x60c build\gcc\obj/cloud/zyf_mqtt_ble_app/zyf_mqtt/utility/aliot_httpclient.o

.text.httpclient_get_info
                0x102fddf4       0xa0
 .text.httpclient_get_info
                0x102fddf4       0xa0 build\gcc\obj/cloud/zyf_mqtt_ble_app/zyf_mqtt/utility/aliot_httpclient.o
                0x102fddf4                httpclient_get_info

.text.httpclient_send_auth
                0x102fde94      0x16c
 .text.httpclient_send_auth
                0x102fde94      0x16c build\gcc\obj/cloud/zyf_mqtt_ble_app/zyf_mqtt/utility/aliot_httpclient.o
                0x102fde94                httpclient_send_auth

.text.httpclient_send_header
                0x102fe000      0x6ec
 .text.httpclient_send_header
                0x102fe000      0x6ec build\gcc\obj/cloud/zyf_mqtt_ble_app/zyf_mqtt/utility/aliot_httpclient.o
                0x102fe000                httpclient_send_header

.text.httpclient_send_userdata
                0x102fe6ec      0x11c
 .text.httpclient_send_userdata
                0x102fe6ec      0x11c build\gcc\obj/cloud/zyf_mqtt_ble_app/zyf_mqtt/utility/aliot_httpclient.o
                0x102fe6ec                httpclient_send_userdata

.text.httpclient_connect
                0x102fe808       0x9c
 .text.httpclient_connect
                0x102fe808       0x9c build\gcc\obj/cloud/zyf_mqtt_ble_app/zyf_mqtt/utility/aliot_httpclient.o
                0x102fe808                httpclient_connect

.text.httpclient_send_request
                0x102fe8a4       0xe8
 .text.httpclient_send_request
                0x102fe8a4       0xe8 build\gcc\obj/cloud/zyf_mqtt_ble_app/zyf_mqtt/utility/aliot_httpclient.o
                0x102fe8a4                httpclient_send_request

.text.httpclient_recv_response
                0x102fe98c      0x510
 .text.httpclient_recv_response
                0x102fe98c      0x510 build\gcc\obj/cloud/zyf_mqtt_ble_app/zyf_mqtt/utility/aliot_httpclient.o
                0x102fe98c                httpclient_recv_response

.text.httpclient_close
                0x102fee9c       0x2c
 .text.httpclient_close
                0x102fee9c       0x2c build\gcc\obj/cloud/zyf_mqtt_ble_app/zyf_mqtt/utility/aliot_httpclient.o
                0x102fee9c                httpclient_close

.text.httpclient_common
                0x102feec8      0x2f8
 .text.httpclient_common
                0x102feec8      0x2f8 build\gcc\obj/cloud/zyf_mqtt_ble_app/zyf_mqtt/utility/aliot_httpclient.o
                0x102feec8                httpclient_common

.text.aliot_post
                0x102ff1c0       0x38
 .text.aliot_post
                0x102ff1c0       0x38 build\gcc\obj/cloud/zyf_mqtt_ble_app/zyf_mqtt/utility/aliot_httpclient.o
                0x102ff1c0                aliot_post

.text.json_get_value_by_name_cb
                0x102ff1f8       0x44
 .text.json_get_value_by_name_cb
                0x102ff1f8       0x44 build\gcc\obj/cloud/zyf_mqtt_ble_app/zyf_mqtt/utility/aliot_jsonparser.o
                0x102ff1f8                json_get_value_by_name_cb

.text.json_get_object
                0x102ff23c       0x6c
 .text.json_get_object
                0x102ff23c       0x6c build\gcc\obj/cloud/zyf_mqtt_ble_app/zyf_mqtt/utility/aliot_jsonparser.o
                0x102ff23c                json_get_object

.text.json_get_next_object
                0x102ff2a8      0x354
 .text.json_get_next_object
                0x102ff2a8      0x354 build\gcc\obj/cloud/zyf_mqtt_ble_app/zyf_mqtt/utility/aliot_jsonparser.o
                0x102ff2a8                json_get_next_object

.text.json_parse_name_value
                0x102ff5fc      0x124
 .text.json_parse_name_value
                0x102ff5fc      0x124 build\gcc\obj/cloud/zyf_mqtt_ble_app/zyf_mqtt/utility/aliot_jsonparser.o
                0x102ff5fc                json_parse_name_value

.text.json_get_value_by_name
                0x102ff720       0x98
 .text.json_get_value_by_name
                0x102ff720       0x98 build\gcc\obj/cloud/zyf_mqtt_ble_app/zyf_mqtt/utility/aliot_jsonparser.o
                0x102ff720                json_get_value_by_name

.text.json_get_value_by_fullname
                0x102ff7b8      0x1b0
 .text.json_get_value_by_fullname
                0x102ff7b8      0x1b0 build\gcc\obj/cloud/zyf_mqtt_ble_app/zyf_mqtt/utility/aliot_jsonparser.o
                0x102ff7b8                json_get_value_by_fullname

.text.list_new  0x102ff968       0x40
 .text.list_new
                0x102ff968       0x40 build\gcc\obj/cloud/zyf_mqtt_ble_app/zyf_mqtt/utility/aliot_list.o
                0x102ff968                list_new

.text.list_destroy
                0x102ff9a8       0x58
 .text.list_destroy
                0x102ff9a8       0x58 build\gcc\obj/cloud/zyf_mqtt_ble_app/zyf_mqtt/utility/aliot_list.o
                0x102ff9a8                list_destroy

.text.list_rpush
                0x102ffa00       0x48
 .text.list_rpush
                0x102ffa00       0x48 build\gcc\obj/cloud/zyf_mqtt_ble_app/zyf_mqtt/utility/aliot_list.o
                0x102ffa00                list_rpush

.text.list_remove
                0x102ffa48       0x64
 .text.list_remove
                0x102ffa48       0x64 build\gcc\obj/cloud/zyf_mqtt_ble_app/zyf_mqtt/utility/aliot_list.o
                0x102ffa48                list_remove

.text.list_iterator_new_from_node
                0x102ffaac       0x2c
 .text.list_iterator_new_from_node
                0x102ffaac       0x2c build\gcc\obj/cloud/zyf_mqtt_ble_app/zyf_mqtt/utility/aliot_list.o
                0x102ffaac                list_iterator_new_from_node

.text.list_iterator_new
                0x102ffad8       0x20
 .text.list_iterator_new
                0x102ffad8       0x20 build\gcc\obj/cloud/zyf_mqtt_ble_app/zyf_mqtt/utility/aliot_list.o
                0x102ffad8                list_iterator_new

.text.list_iterator_next
                0x102ffaf8       0x28
 .text.list_iterator_next
                0x102ffaf8       0x28 build\gcc\obj/cloud/zyf_mqtt_ble_app/zyf_mqtt/utility/aliot_list.o
                0x102ffaf8                list_iterator_next

.text.list_iterator_destroy
                0x102ffb20       0x14
 .text.list_iterator_destroy
                0x102ffb20       0x14 build\gcc\obj/cloud/zyf_mqtt_ble_app/zyf_mqtt/utility/aliot_list.o
                0x102ffb20                list_iterator_destroy

.text.list_node_new
                0x102ffb34       0x2c
 .text.list_node_new
                0x102ffb34       0x2c build\gcc\obj/cloud/zyf_mqtt_ble_app/zyf_mqtt/utility/aliot_list.o
                0x102ffb34                list_node_new

.text.aliot_md5_init
                0x102ffb60       0x1c
 .text.aliot_md5_init
                0x102ffb60       0x1c build\gcc\obj/cloud/zyf_mqtt_ble_app/zyf_mqtt/utility/aliot_md5.o
                0x102ffb60                aliot_md5_init

.text.aliot_md5_starts
                0x102ffb7c       0x40
 .text.aliot_md5_starts
                0x102ffb7c       0x40 build\gcc\obj/cloud/zyf_mqtt_ble_app/zyf_mqtt/utility/aliot_md5.o
                0x102ffb7c                aliot_md5_starts

.text.aliot_md5_process
                0x102ffbbc      0xbe4
 .text.aliot_md5_process
                0x102ffbbc      0xbe4 build\gcc\obj/cloud/zyf_mqtt_ble_app/zyf_mqtt/utility/aliot_md5.o
                0x102ffbbc                aliot_md5_process

.text.aliot_md5_update
                0x103007a0       0xe0
 .text.aliot_md5_update
                0x103007a0       0xe0 build\gcc\obj/cloud/zyf_mqtt_ble_app/zyf_mqtt/utility/aliot_md5.o
                0x103007a0                aliot_md5_update

.text.aliot_md5_finish
                0x10300880      0x124
 .text.aliot_md5_finish
                0x10300880      0x124 build\gcc\obj/cloud/zyf_mqtt_ble_app/zyf_mqtt/utility/aliot_md5.o
                0x10300880                aliot_md5_finish

.text.aliot_hb2hex
                0x103009a4       0x14
 .text.aliot_hb2hex
                0x103009a4       0x14 build\gcc\obj/cloud/zyf_mqtt_ble_app/zyf_mqtt/utility/aliot_md5.o
                0x103009a4                aliot_hb2hex

.text.disconnect_tcp
                0x103009b8       0x30
 .text.disconnect_tcp
                0x103009b8       0x30 build\gcc\obj/cloud/zyf_mqtt_ble_app/zyf_mqtt/utility/aliot_net.o

.text.disconnect_ssl
                0x103009e8       0x9c
 .text.disconnect_ssl
                0x103009e8       0x9c build\gcc\obj/cloud/zyf_mqtt_ble_app/zyf_mqtt/utility/aliot_net.o

.text.aliot_net_connect
                0x10300a84       0x90
 .text.aliot_net_connect
                0x10300a84       0x90 build\gcc\obj/cloud/zyf_mqtt_ble_app/zyf_mqtt/utility/aliot_net.o
                0x10300a84                aliot_net_connect

.text.aliot_net_disconnect
                0x10300b14       0x30
 .text.aliot_net_disconnect
                0x10300b14       0x30 build\gcc\obj/cloud/zyf_mqtt_ble_app/zyf_mqtt/utility/aliot_net.o
                0x10300b14                aliot_net_disconnect

.text.aliot_net_write
                0x10300b44       0x34
 .text.aliot_net_write
                0x10300b44       0x34 build\gcc\obj/cloud/zyf_mqtt_ble_app/zyf_mqtt/utility/aliot_net.o
                0x10300b44                aliot_net_write

.text.read_tcp  0x10300b78       0x18
 .text.read_tcp
                0x10300b78       0x18 build\gcc\obj/cloud/zyf_mqtt_ble_app/zyf_mqtt/utility/aliot_net.o
                0x10300b78                read_tcp

.text.aliot_net_read
                0x10300b90       0x34
 .text.aliot_net_read
                0x10300b90       0x34 build\gcc\obj/cloud/zyf_mqtt_ble_app/zyf_mqtt/utility/aliot_net.o
                0x10300b90                aliot_net_read

.text.aliot_net_init
                0x10300bc4       0x70
 .text.aliot_net_init
                0x10300bc4       0x70 build\gcc\obj/cloud/zyf_mqtt_ble_app/zyf_mqtt/utility/aliot_net.o
                0x10300bc4                aliot_net_init

.text.aliot_time_start
                0x10300c34       0x1c
 .text.aliot_time_start
                0x10300c34       0x1c build\gcc\obj/cloud/zyf_mqtt_ble_app/zyf_mqtt/utility/aliot_timer.o
                0x10300c34                aliot_time_start

.text.aliot_time_spend
                0x10300c50       0x20
 .text.aliot_time_spend
                0x10300c50       0x20 build\gcc\obj/cloud/zyf_mqtt_ble_app/zyf_mqtt/utility/aliot_timer.o
                0x10300c50                aliot_time_spend

.text.aliot_time_is_expired
                0x10300c70       0x2c
 .text.aliot_time_is_expired
                0x10300c70       0x2c build\gcc\obj/cloud/zyf_mqtt_ble_app/zyf_mqtt/utility/aliot_timer.o
                0x10300c70                aliot_time_is_expired

.text.aliot_time_left
                0x10300c9c       0x3c
 .text.aliot_time_left
                0x10300c9c       0x3c build\gcc\obj/cloud/zyf_mqtt_ble_app/zyf_mqtt/utility/aliot_timer.o
                0x10300c9c                aliot_time_left

.text.aliot_time_init
                0x10300cd8        0xc
 .text.aliot_time_init
                0x10300cd8        0xc build\gcc\obj/cloud/zyf_mqtt_ble_app/zyf_mqtt/utility/aliot_timer.o
                0x10300cd8                aliot_time_init

.text.aliot_time_cutdown
                0x10300ce4       0x24
 .text.aliot_time_cutdown
                0x10300ce4       0x24 build\gcc\obj/cloud/zyf_mqtt_ble_app/zyf_mqtt/utility/aliot_timer.o
                0x10300ce4                aliot_time_cutdown

.text.Callback_GPRS_Actived
                0x10300d08       0x18
 .text.Callback_GPRS_Actived
                0x10300d08       0x18 build\gcc\obj/cloud/zyf_mqtt_ble_app/zyf_mqtt/platform/network/aliot_platform_network.o

.text.Callback_GPRS_Deactived
                0x10300d20       0x1c
 .text.Callback_GPRS_Deactived
                0x10300d20       0x1c build\gcc\obj/cloud/zyf_mqtt_ble_app/zyf_mqtt/platform/network/aliot_platform_network.o

.text.callback_socket_connect
                0x10300d3c       0x18
 .text.callback_socket_connect
                0x10300d3c       0x18 build\gcc\obj/cloud/zyf_mqtt_ble_app/zyf_mqtt/platform/network/aliot_platform_network.o

.text.callback_socket_accept
                0x10300d54        0x4
 .text.callback_socket_accept
                0x10300d54        0x4 build\gcc\obj/cloud/zyf_mqtt_ble_app/zyf_mqtt/platform/network/aliot_platform_network.o

.text.Callback_Socket_Write
                0x10300d58       0x2c
 .text.Callback_Socket_Write
                0x10300d58       0x2c build\gcc\obj/cloud/zyf_mqtt_ble_app/zyf_mqtt/platform/network/aliot_platform_network.o

.text.Callback_Socket_Close
                0x10300d84       0x30
 .text.Callback_Socket_Close
                0x10300d84       0x30 build\gcc\obj/cloud/zyf_mqtt_ble_app/zyf_mqtt/platform/network/aliot_platform_network.o

.text.Callback_Socket_read
                0x10300db4       0x14
 .text.Callback_Socket_read
                0x10300db4       0x14 build\gcc\obj/cloud/zyf_mqtt_ble_app/zyf_mqtt/platform/network/aliot_platform_network.o

.text.aliot_platform_tcp_establish
                0x10300dc8      0x1f8
 .text.aliot_platform_tcp_establish
                0x10300dc8      0x1f8 build\gcc\obj/cloud/zyf_mqtt_ble_app/zyf_mqtt/platform/network/aliot_platform_network.o
                0x10300dc8                aliot_platform_tcp_establish

.text.aliot_platform_tcp_destroy
                0x10300fc0       0x3c
 .text.aliot_platform_tcp_destroy
                0x10300fc0       0x3c build\gcc\obj/cloud/zyf_mqtt_ble_app/zyf_mqtt/platform/network/aliot_platform_network.o
                0x10300fc0                aliot_platform_tcp_destroy

.text.aliot_platform_tcp_write
                0x10300ffc       0x4c
 .text.aliot_platform_tcp_write
                0x10300ffc       0x4c build\gcc\obj/cloud/zyf_mqtt_ble_app/zyf_mqtt/platform/network/aliot_platform_network.o
                0x10300ffc                aliot_platform_tcp_write

.text.aliot_platform_tcp_read
                0x10301048       0x88
 .text.aliot_platform_tcp_read
                0x10301048       0x88 build\gcc\obj/cloud/zyf_mqtt_ble_app/zyf_mqtt/platform/network/aliot_platform_network.o
                0x10301048                aliot_platform_tcp_read

.text.aliot_platform_mutex_create
                0x103010d0        0x8
 .text.aliot_platform_mutex_create
                0x103010d0        0x8 build\gcc\obj/cloud/zyf_mqtt_ble_app/zyf_mqtt/platform/os/aliot_platform_os.o
                0x103010d0                aliot_platform_mutex_create

.text.aliot_platform_mutex_destroy
                0x103010d8        0x4
 .text.aliot_platform_mutex_destroy
                0x103010d8        0x4 build\gcc\obj/cloud/zyf_mqtt_ble_app/zyf_mqtt/platform/os/aliot_platform_os.o
                0x103010d8                aliot_platform_mutex_destroy

.text.aliot_platform_mutex_lock
                0x103010dc        0x4
 .text.aliot_platform_mutex_lock
                0x103010dc        0x4 build\gcc\obj/cloud/zyf_mqtt_ble_app/zyf_mqtt/platform/os/aliot_platform_os.o
                0x103010dc                aliot_platform_mutex_lock

.text.aliot_platform_mutex_unlock
                0x103010e0        0x4
 .text.aliot_platform_mutex_unlock
                0x103010e0        0x4 build\gcc\obj/cloud/zyf_mqtt_ble_app/zyf_mqtt/platform/os/aliot_platform_os.o
                0x103010e0                aliot_platform_mutex_unlock

.text.aliot_platform_malloc
                0x103010e4       0x14
 .text.aliot_platform_malloc
                0x103010e4       0x14 build\gcc\obj/cloud/zyf_mqtt_ble_app/zyf_mqtt/platform/os/aliot_platform_os.o
                0x103010e4                aliot_platform_malloc

.text.aliot_platform_free
                0x103010f8       0x14
 .text.aliot_platform_free
                0x103010f8       0x14 build\gcc\obj/cloud/zyf_mqtt_ble_app/zyf_mqtt/platform/os/aliot_platform_os.o
                0x103010f8                aliot_platform_free

.text.aliot_platform_time_get_ms
                0x1030110c       0x18
 .text.aliot_platform_time_get_ms
                0x1030110c       0x18 build\gcc\obj/cloud/zyf_mqtt_ble_app/zyf_mqtt/platform/os/aliot_platform_os.o
                0x1030110c                aliot_platform_time_get_ms

.text.aliot_platform_msleep
                0x10301124       0x14
 .text.aliot_platform_msleep
                0x10301124       0x14 build\gcc\obj/cloud/zyf_mqtt_ble_app/zyf_mqtt/platform/os/aliot_platform_os.o
                0x10301124                aliot_platform_msleep

.text.aliot_platform_module_get_pid
                0x10301138        0x8
 .text.aliot_platform_module_get_pid
                0x10301138        0x8 build\gcc\obj/cloud/zyf_mqtt_ble_app/zyf_mqtt/platform/os/aliot_platform_os.o
                0x10301138                aliot_platform_module_get_pid

.text.aliot_platform_ssl_read
                0x10301140       0x30
 .text.aliot_platform_ssl_read
                0x10301140       0x30 build\gcc\obj/cloud/zyf_mqtt_ble_app/zyf_mqtt/platform/ssl/aliot_platform_ssl.o
                0x10301140                aliot_platform_ssl_read

.text.aliot_platform_ssl_write
                0x10301170       0x30
 .text.aliot_platform_ssl_write
                0x10301170       0x30 build\gcc\obj/cloud/zyf_mqtt_ble_app/zyf_mqtt/platform/ssl/aliot_platform_ssl.o
                0x10301170                aliot_platform_ssl_write

.text.aliot_platform_ssl_destroy
                0x103011a0      0x100
 .text.aliot_platform_ssl_destroy
                0x103011a0      0x100 build\gcc\obj/cloud/zyf_mqtt_ble_app/zyf_mqtt/platform/ssl/aliot_platform_ssl.o
                0x103011a0                aliot_platform_ssl_destroy

.text.aliot_platform_ssl_establish
                0x103012a0      0x21c
 .text.aliot_platform_ssl_establish
                0x103012a0      0x21c build\gcc\obj/cloud/zyf_mqtt_ble_app/zyf_mqtt/platform/ssl/aliot_platform_ssl.o
                0x103012a0                aliot_platform_ssl_establish

.text.my_tolower
                0x103014bc       0x10
 .text.my_tolower
                0x103014bc       0x10 build\gcc\obj/cloud/zyf_mqtt_ble_app/zyf_mqtt/user_mqtt.o

.text.Callback_aliot_Timer
                0x103014cc       0x18
 .text.Callback_aliot_Timer
                0x103014cc       0x18 build\gcc\obj/cloud/zyf_mqtt_ble_app/zyf_mqtt/user_mqtt.o

.text.Callback_led_Timer
                0x103014e4       0xcc
 .text.Callback_led_Timer
                0x103014e4       0xcc build\gcc\obj/cloud/zyf_mqtt_ble_app/zyf_mqtt/user_mqtt.o

.text.Callback_Iot_Timer
                0x103015b0       0xc4
 .text.Callback_Iot_Timer
                0x103015b0       0xc4 build\gcc\obj/cloud/zyf_mqtt_ble_app/zyf_mqtt/user_mqtt.o

.text.aliot_mqtt_event_handle
                0x10301674      0x38c
 .text.aliot_mqtt_event_handle
                0x10301674      0x38c build\gcc\obj/cloud/zyf_mqtt_ble_app/zyf_mqtt/user_mqtt.o

.text.upb_aliot_mqtt_msg_arrived
                0x10301a00      0x108
 .text.upb_aliot_mqtt_msg_arrived
                0x10301a00      0x108 build\gcc\obj/cloud/zyf_mqtt_ble_app/zyf_mqtt/user_mqtt.o
                0x10301a00                upb_aliot_mqtt_msg_arrived

.text.aliot_mqtt_msg_arrived
                0x10301b08      0x108
 .text.aliot_mqtt_msg_arrived
                0x10301b08      0x108 build\gcc\obj/cloud/zyf_mqtt_ble_app/zyf_mqtt/user_mqtt.o
                0x10301b08                aliot_mqtt_msg_arrived

.text.user_mqtt_topic_for_red_init
                0x10301c10       0x78
 .text.user_mqtt_topic_for_red_init
                0x10301c10       0x78 build\gcc\obj/cloud/zyf_mqtt_ble_app/zyf_mqtt/user_mqtt.o
                0x10301c10                user_mqtt_topic_for_red_init

.text.user_mqtt_topic_for_reg_init
                0x10301c88       0x78
 .text.user_mqtt_topic_for_reg_init
                0x10301c88       0x78 build\gcc\obj/cloud/zyf_mqtt_ble_app/zyf_mqtt/user_mqtt.o
                0x10301c88                user_mqtt_topic_for_reg_init

.text.user_mqtt_topic_for_pub_init
                0x10301d00       0xf0
 .text.user_mqtt_topic_for_pub_init
                0x10301d00       0xf0 build\gcc\obj/cloud/zyf_mqtt_ble_app/zyf_mqtt/user_mqtt.o
                0x10301d00                user_mqtt_topic_for_pub_init

.text.user_mqtt_topic_for_sub_init
                0x10301df0       0xf0
 .text.user_mqtt_topic_for_sub_init
                0x10301df0       0xf0 build\gcc\obj/cloud/zyf_mqtt_ble_app/zyf_mqtt/user_mqtt.o
                0x10301df0                user_mqtt_topic_for_sub_init

.text.user_mqtt_topic_for_upb_init
                0x10301ee0       0xf0
 .text.user_mqtt_topic_for_upb_init
                0x10301ee0       0xf0 build\gcc\obj/cloud/zyf_mqtt_ble_app/zyf_mqtt/user_mqtt.o
                0x10301ee0                user_mqtt_topic_for_upb_init

.text.user_get_puser_info_zyf
                0x10301fd0       0x6c
 .text.user_get_puser_info_zyf
                0x10301fd0       0x6c build\gcc\obj/cloud/zyf_mqtt_ble_app/zyf_mqtt/user_mqtt.o
                0x10301fd0                user_get_puser_info_zyf

.text.user_mqtt_autu_init
                0x1030203c       0xb0
 .text.user_mqtt_autu_init
                0x1030203c       0xb0 build\gcc\obj/cloud/zyf_mqtt_ble_app/zyf_mqtt/user_mqtt.o
                0x1030203c                user_mqtt_autu_init

.text.CheckAliReData
                0x103020ec       0x24
 .text.CheckAliReData
                0x103020ec       0x24 build\gcc\obj/cloud/zyf_mqtt_ble_app/zyf_mqtt/user_mqtt.o
                0x103020ec                CheckAliReData

.text.Mqtt_InitConnect_Start
                0x10302110      0x88c
 .text.Mqtt_InitConnect_Start
                0x10302110      0x88c build\gcc\obj/cloud/zyf_mqtt_ble_app/zyf_mqtt/user_mqtt.o
                0x10302110                Mqtt_InitConnect_Start

.text.MqttPubUserHeartData
                0x1030299c      0x100
 .text.MqttPubUserHeartData
                0x1030299c      0x100 build\gcc\obj/cloud/zyf_mqtt_ble_app/zyf_mqtt/user_mqtt.o
                0x1030299c                MqttPubUserHeartData

.text.MqttPubUserSensorData
                0x10302a9c      0x120
 .text.MqttPubUserSensorData
                0x10302a9c      0x120 build\gcc\obj/cloud/zyf_mqtt_ble_app/zyf_mqtt/user_mqtt.o
                0x10302a9c                MqttPubUserSensorData

.text.MqttPubUserReSensorData
                0x10302bbc       0xb4
 .text.MqttPubUserReSensorData
                0x10302bbc       0xb4 build\gcc\obj/cloud/zyf_mqtt_ble_app/zyf_mqtt/user_mqtt.o
                0x10302bbc                MqttPubUserReSensorData

.text.Iotdata_Timer_init
                0x10302c70       0x40
 .text.Iotdata_Timer_init
                0x10302c70       0x40 build\gcc\obj/cloud/zyf_mqtt_ble_app/zyf_mqtt/user_mqtt.o
                0x10302c70                Iotdata_Timer_init

.text.Iotdata_Timer_Start
                0x10302cb0       0x18
 .text.Iotdata_Timer_Start
                0x10302cb0       0x18 build\gcc\obj/cloud/zyf_mqtt_ble_app/zyf_mqtt/user_mqtt.o
                0x10302cb0                Iotdata_Timer_Start

.text.Iotdata_Timer_Stop
                0x10302cc8       0x14
 .text.Iotdata_Timer_Stop
                0x10302cc8       0x14 build\gcc\obj/cloud/zyf_mqtt_ble_app/zyf_mqtt/user_mqtt.o
                0x10302cc8                Iotdata_Timer_Stop

.text.Led_Timer_init
                0x10302cdc       0x40
 .text.Led_Timer_init
                0x10302cdc       0x40 build\gcc\obj/cloud/zyf_mqtt_ble_app/zyf_mqtt/user_mqtt.o
                0x10302cdc                Led_Timer_init

.text.aliot_Timer_init
                0x10302d1c       0x40
 .text.aliot_Timer_init
                0x10302d1c       0x40 build\gcc\obj/cloud/zyf_mqtt_ble_app/zyf_mqtt/user_mqtt.o
                0x10302d1c                aliot_Timer_init

.text.Bike_BLE_Callback
                0x10302d5c      0x238
 .text.Bike_BLE_Callback
                0x10302d5c      0x238 build\gcc\obj/cloud/zyf_mqtt_ble_app/zyf_ble/m203c_ble.o

.text.Ble_NameSet
                0x10302f94      0x188
 .text.Ble_NameSet
                0x10302f94      0x188 build\gcc\obj/cloud/zyf_mqtt_ble_app/zyf_ble/m203c_ble.o
                0x10302f94                Ble_NameSet

.text.Ble_PowerOn
                0x1030311c      0x184
 .text.Ble_PowerOn
                0x1030311c      0x184 build\gcc\obj/cloud/zyf_mqtt_ble_app/zyf_ble/m203c_ble.o
                0x1030311c                Ble_PowerOn

.text.Ble_PowerOff
                0x103032a0      0x160
 .text.Ble_PowerOff
                0x103032a0      0x160 build\gcc\obj/cloud/zyf_mqtt_ble_app/zyf_ble/m203c_ble.o
                0x103032a0                Ble_PowerOff

.text.ble_adv_report_encode
                0x10303400      0x4f4
 .text.ble_adv_report_encode
                0x10303400      0x4f4 build\gcc\obj/cloud/zyf_mqtt_ble_app/zyf_ble/m203c_ble.o
                0x10303400                ble_adv_report_encode

.text.OnURCHandler_BLEScan
                0x103038f4       0xa8
 .text.OnURCHandler_BLEScan
                0x103038f4       0xa8 build\gcc\obj/cloud/zyf_mqtt_ble_app/zyf_ble/m203c_ble.o
                0x103038f4                OnURCHandler_BLEScan

.text.Ble_Init_AdvData
                0x1030399c       0x70
 .text.Ble_Init_AdvData
                0x1030399c       0x70 build\gcc\obj/cloud/zyf_mqtt_ble_app/zyf_ble/m203c_ble.o
                0x1030399c                Ble_Init_AdvData

.text.Ble_Set_AdvData
                0x10303a0c       0x88
 .text.Ble_Set_AdvData
                0x10303a0c       0x88 build\gcc\obj/cloud/zyf_mqtt_ble_app/zyf_ble/m203c_ble.o
                0x10303a0c                Ble_Set_AdvData

.text.Ble_Set_AdvNameVisib
                0x10303a94       0x7c
 .text.Ble_Set_AdvNameVisib
                0x10303a94       0x7c build\gcc\obj/cloud/zyf_mqtt_ble_app/zyf_ble/m203c_ble.o
                0x10303a94                Ble_Set_AdvNameVisib

.text.ble_nus_string_send
                0x10303b10      0x12c
 .text.ble_nus_string_send
                0x10303b10      0x12c build\gcc\obj/cloud/zyf_mqtt_ble_app/zyf_ble/m203c_ble.o
                0x10303b10                ble_nus_string_send

.text.nus_data_handler
                0x10303c3c       0x14
 .text.nus_data_handler
                0x10303c3c       0x14 build\gcc\obj/cloud/zyf_mqtt_ble_app/zyf_ble/m203c_ble.o
                0x10303c3c                nus_data_handler

.text.Ble_InitConnect_Start
                0x10303c50      0x660
 .text.Ble_InitConnect_Start
                0x10303c50      0x660 build\gcc\obj/cloud/zyf_mqtt_ble_app/zyf_ble/m203c_ble.o
                0x10303c50                Ble_InitConnect_Start

.text.ReadFlashParamsNew
                0x103042b0      0x100
 .text.ReadFlashParamsNew
                0x103042b0      0x100 build\gcc\obj/cloud/zyf_mqtt_ble_app/zyf_custom/flash.o
                0x103042b0                ReadFlashParamsNew

.text.SaveFlashParamsNew
                0x103043b0       0x98
 .text.SaveFlashParamsNew
                0x103043b0       0x98 build\gcc\obj/cloud/zyf_mqtt_ble_app/zyf_custom/flash.o
                0x103043b0                SaveFlashParamsNew

.text.ftp_downfile_timer
                0x10304448       0xb8
 .text.ftp_downfile_timer
                0x10304448       0xb8 build\gcc\obj/cloud/zyf_mqtt_ble_app/zyf_custom/fota.o
                0x10304448                ftp_downfile_timer

.text.fota_app  0x10304500       0xcc
 .text.fota_app
                0x10304500       0xcc build\gcc\obj/cloud/zyf_mqtt_ble_app/zyf_custom/fota.o
                0x10304500                fota_app

.text.Callback_Location
                0x103045cc       0xe0
 .text.Callback_Location
                0x103045cc       0xe0 build\gcc\obj/cloud/zyf_mqtt_ble_app/zyf_custom/gps.o
                0x103045cc                Callback_Location

.text.NMEA_Pow.constprop.0
                0x103046ac       0x28
 .text.NMEA_Pow.constprop.0
                0x103046ac       0x28 build\gcc\obj/cloud/zyf_mqtt_ble_app/zyf_custom/gps.o

.text.GpsOpen   0x103046d4       0x18
 .text.GpsOpen  0x103046d4       0x18 build\gcc\obj/cloud/zyf_mqtt_ble_app/zyf_custom/gps.o
                0x103046d4                GpsOpen

.text.GpsClose  0x103046ec       0x18
 .text.GpsClose
                0x103046ec       0x18 build\gcc\obj/cloud/zyf_mqtt_ble_app/zyf_custom/gps.o
                0x103046ec                GpsClose

.text.NMEA_Str2num
                0x10304704      0x12c
 .text.NMEA_Str2num
                0x10304704      0x12c build\gcc\obj/cloud/zyf_mqtt_ble_app/zyf_custom/gps.o
                0x10304704                NMEA_Str2num

.text.NMEA_Comma_Pos
                0x10304830       0x50
 .text.NMEA_Comma_Pos
                0x10304830       0x50 build\gcc\obj/cloud/zyf_mqtt_ble_app/zyf_custom/gps.o
                0x10304830                NMEA_Comma_Pos

.text.NMEA_GPRMC_Analysis
                0x10304880      0x478
 .text.NMEA_GPRMC_Analysis
                0x10304880      0x478 build\gcc\obj/cloud/zyf_mqtt_ble_app/zyf_custom/gps.o
                0x10304880                NMEA_GPRMC_Analysis

.text.GPS_Analysis
                0x10304cf8       0x14
 .text.GPS_Analysis
                0x10304cf8       0x14 build\gcc\obj/cloud/zyf_mqtt_ble_app/zyf_custom/gps.o
                0x10304cf8                GPS_Analysis

.text.GpsAnalysis
                0x10304d0c       0x20
 .text.GpsAnalysis
                0x10304d0c       0x20 build\gcc\obj/cloud/zyf_mqtt_ble_app/zyf_custom/gps.o
                0x10304d0c                GpsAnalysis

.text.GPS_package
                0x10304d2c      0x288
 .text.GPS_package
                0x10304d2c      0x288 build\gcc\obj/cloud/zyf_mqtt_ble_app/zyf_custom/gps.o
                0x10304d2c                GPS_package

.text.GetGpsLocation
                0x10304fb4      0x274
 .text.GetGpsLocation
                0x10304fb4      0x274 build\gcc\obj/cloud/zyf_mqtt_ble_app/zyf_custom/gps.o
                0x10304fb4                GetGpsLocation

.text.WaitLbsGetLocation
                0x10305228       0x50
 .text.WaitLbsGetLocation
                0x10305228       0x50 build\gcc\obj/cloud/zyf_mqtt_ble_app/zyf_custom/gps.o
                0x10305228                WaitLbsGetLocation

.text.LBSDataInit
                0x10305278      0x280
 .text.LBSDataInit
                0x10305278      0x280 build\gcc\obj/cloud/zyf_mqtt_ble_app/zyf_custom/gps.o
                0x10305278                LBSDataInit

.text.SendMsg2KernelForMqttStart
                0x103054f8       0x38
 .text.SendMsg2KernelForMqttStart
                0x103054f8       0x38 build\gcc\obj/cloud/zyf_mqtt_ble_app/zyf_custom/iot203c_msg.o
                0x103054f8                SendMsg2KernelForMqttStart

.text.SendMsg2KernelForBLEStart
                0x10305530       0x28
 .text.SendMsg2KernelForBLEStart
                0x10305530       0x28 build\gcc\obj/cloud/zyf_mqtt_ble_app/zyf_custom/iot203c_msg.o
                0x10305530                SendMsg2KernelForBLEStart

.text.SendMsg2KernelForIotHeart
                0x10305558       0x28
 .text.SendMsg2KernelForIotHeart
                0x10305558       0x28 build\gcc\obj/cloud/zyf_mqtt_ble_app/zyf_custom/iot203c_msg.o
                0x10305558                SendMsg2KernelForIotHeart

.text.SendMsg2KernelForIotData
                0x10305580       0x28
 .text.SendMsg2KernelForIotData
                0x10305580       0x28 build\gcc\obj/cloud/zyf_mqtt_ble_app/zyf_custom/iot203c_msg.o
                0x10305580                SendMsg2KernelForIotData

.text.SendMsg2KernelForModuleData
                0x103055a8       0x28
 .text.SendMsg2KernelForModuleData
                0x103055a8       0x28 build\gcc\obj/cloud/zyf_mqtt_ble_app/zyf_custom/iot203c_msg.o
                0x103055a8                SendMsg2KernelForModuleData

.text.SendMsg2KernelForReIotData
                0x103055d0       0x28
 .text.SendMsg2KernelForReIotData
                0x103055d0       0x28 build\gcc\obj/cloud/zyf_mqtt_ble_app/zyf_custom/iot203c_msg.o
                0x103055d0                SendMsg2KernelForReIotData

.text.SendMsg2KernelForOTAData
                0x103055f8       0x24
 .text.SendMsg2KernelForOTAData
                0x103055f8       0x24 build\gcc\obj/cloud/zyf_mqtt_ble_app/zyf_custom/iot203c_msg.o
                0x103055f8                SendMsg2KernelForOTAData

.text.AT_resp_parser_QISTAT
                0x1030561c       0x78
 .text.AT_resp_parser_QISTAT
                0x1030561c       0x78 build\gcc\obj/cloud/zyf_mqtt_ble_app/zyf_custom/m203c_module.o

.text.AT_cmd_send
                0x10305694       0xa4
 .text.AT_cmd_send
                0x10305694       0xa4 build\gcc\obj/cloud/zyf_mqtt_ble_app/zyf_custom/m203c_module.o

.text.AT_resp_parser_QICLOSE
                0x10305738       0xac
 .text.AT_resp_parser_QICLOSE
                0x10305738       0xac build\gcc\obj/cloud/zyf_mqtt_ble_app/zyf_custom/m203c_module.o

.text.AT_resp_parser_QISEND_Prepare
                0x103057e4       0xb8
 .text.AT_resp_parser_QISEND_Prepare
                0x103057e4       0xb8 build\gcc\obj/cloud/zyf_mqtt_ble_app/zyf_custom/m203c_module.o

.text.AT_resp_parser_CPIN
                0x1030589c       0xf8
 .text.AT_resp_parser_CPIN
                0x1030589c       0xf8 build\gcc\obj/cloud/zyf_mqtt_ble_app/zyf_custom/m203c_module.o

.text.AT_resp_parser_QIDEACT
                0x10305994       0xf8
 .text.AT_resp_parser_QIDEACT
                0x10305994       0xf8 build\gcc\obj/cloud/zyf_mqtt_ble_app/zyf_custom/m203c_module.o

.text.AT_resp_parser_generic
                0x10305a8c      0x108
 .text.AT_resp_parser_generic
                0x10305a8c      0x108 build\gcc\obj/cloud/zyf_mqtt_ble_app/zyf_custom/m203c_module.o

.text.AT_resp_parser_QIDNSIP
                0x10305b94      0x11c
 .text.AT_resp_parser_QIDNSIP
                0x10305b94      0x11c build\gcc\obj/cloud/zyf_mqtt_ble_app/zyf_custom/m203c_module.o

.text.AT_resp_parser_QIMODE
                0x10305cb0      0x16c
 .text.AT_resp_parser_QIMODE
                0x10305cb0      0x16c build\gcc\obj/cloud/zyf_mqtt_ble_app/zyf_custom/m203c_module.o

.text.AT_resp_parser_QIMUX
                0x10305e1c      0x16c
 .text.AT_resp_parser_QIMUX
                0x10305e1c      0x16c build\gcc\obj/cloud/zyf_mqtt_ble_app/zyf_custom/m203c_module.o

.text.AT_resp_parser_QSECWRITE
                0x10305f88      0x154
 .text.AT_resp_parser_QSECWRITE
                0x10305f88      0x154 build\gcc\obj/cloud/zyf_mqtt_ble_app/zyf_custom/m203c_module.o

.text.AT_resp_parser_QSSLRECV
                0x103060dc      0x19c
 .text.AT_resp_parser_QSSLRECV
                0x103060dc      0x19c build\gcc\obj/cloud/zyf_mqtt_ble_app/zyf_custom/m203c_module.o

.text.AT_resp_parser_CSQ
                0x10306278      0x2a0
 .text.AT_resp_parser_CSQ
                0x10306278      0x2a0 build\gcc\obj/cloud/zyf_mqtt_ble_app/zyf_custom/m203c_module.o

.text.AT_resp_parse_QILOCIP
                0x10306518      0x150
 .text.AT_resp_parse_QILOCIP
                0x10306518      0x150 build\gcc\obj/cloud/zyf_mqtt_ble_app/zyf_custom/m203c_module.o
                0x10306518                AT_resp_parse_QILOCIP

.text.is_ip_domain
                0x10306668      0x120
 .text.is_ip_domain
                0x10306668      0x120 build\gcc\obj/cloud/zyf_mqtt_ble_app/zyf_custom/m203c_module.o
                0x10306668                is_ip_domain

.text.GSM_AT_sync
                0x10306788        0x8
 .text.GSM_AT_sync
                0x10306788        0x8 build\gcc\obj/cloud/zyf_mqtt_ble_app/zyf_custom/m203c_module.o
                0x10306788                GSM_AT_sync

.text.WaitURCSSLRe
                0x10306790       0x78
 .text.WaitURCSSLRe
                0x10306790       0x78 build\gcc\obj/cloud/zyf_mqtt_ble_app/zyf_custom/m203c_module.o
                0x10306790                WaitURCSSLRe

.text.WaitQSSLURCRe
                0x10306808       0x9c
 .text.WaitQSSLURCRe
                0x10306808       0x9c build\gcc\obj/cloud/zyf_mqtt_ble_app/zyf_custom/m203c_module.o
                0x10306808                WaitQSSLURCRe

.text.GSM_SSL_upload_CACert
                0x103068a4      0x2c0
 .text.GSM_SSL_upload_CACert
                0x103068a4      0x2c0 build\gcc\obj/cloud/zyf_mqtt_ble_app/zyf_custom/m203c_module.o
                0x103068a4                GSM_SSL_upload_CACert

.text.GSM_SSL_transfer_mode_set
                0x10306b64      0x2d0
 .text.GSM_SSL_transfer_mode_set
                0x10306b64      0x2d0 build\gcc\obj/cloud/zyf_mqtt_ble_app/zyf_custom/m203c_module.o
                0x10306b64                GSM_SSL_transfer_mode_set

.text.GSM_GPRS_activate_pdp
                0x10306e34      0x270
 .text.GSM_GPRS_activate_pdp
                0x10306e34      0x270 build\gcc\obj/cloud/zyf_mqtt_ble_app/zyf_custom/m203c_module.o
                0x10306e34                GSM_GPRS_activate_pdp

.text.GSM_SSL_config
                0x103070a4      0x1bc
 .text.GSM_SSL_config
                0x103070a4      0x1bc build\gcc\obj/cloud/zyf_mqtt_ble_app/zyf_custom/m203c_module.o
                0x103070a4                GSM_SSL_config

.text.GSM_SSL_open
                0x10307260      0x214
 .text.GSM_SSL_open
                0x10307260      0x214 build\gcc\obj/cloud/zyf_mqtt_ble_app/zyf_custom/m203c_module.o
                0x10307260                GSM_SSL_open

.text.GSM_SSL_transmit
                0x10307474      0x344
 .text.GSM_SSL_transmit
                0x10307474      0x344 build\gcc\obj/cloud/zyf_mqtt_ble_app/zyf_custom/m203c_module.o
                0x10307474                GSM_SSL_transmit

.text.GSM_SSL_retrieve
                0x103077b8      0x3e8
 .text.GSM_SSL_retrieve
                0x103077b8      0x3e8 build\gcc\obj/cloud/zyf_mqtt_ble_app/zyf_custom/m203c_module.o
                0x103077b8                GSM_SSL_retrieve

.text.GSM_SSL_close
                0x10307ba0      0x154
 .text.GSM_SSL_close
                0x10307ba0      0x154 build\gcc\obj/cloud/zyf_mqtt_ble_app/zyf_custom/m203c_module.o
                0x10307ba0                GSM_SSL_close

.text.GSM_deactivate_pdp
                0x10307cf4      0x120
 .text.GSM_deactivate_pdp
                0x10307cf4      0x120 build\gcc\obj/cloud/zyf_mqtt_ble_app/zyf_custom/m203c_module.o
                0x10307cf4                GSM_deactivate_pdp

.text.proc_main_task
                0x10307e14      0x1e4
 .text.proc_main_task
                0x10307e14      0x1e4 build\gcc\obj/cloud/zyf_mqtt_ble_app/zyf_custom/main.o
                0x10307e14                proc_main_task

.text.user_mqtt_task
                0x10307ff8       0xe4
 .text.user_mqtt_task
                0x10307ff8       0xe4 build\gcc\obj/cloud/zyf_mqtt_ble_app/zyf_custom/main.o
                0x10307ff8                user_mqtt_task

.text.user_overlook_task
                0x103080dc       0x18
 .text.user_overlook_task
                0x103080dc       0x18 build\gcc\obj/cloud/zyf_mqtt_ble_app/zyf_custom/main.o
                0x103080dc                user_overlook_task

.text.GetModuleRegData
                0x103080f4       0x28
 .text.GetModuleRegData
                0x103080f4       0x28 build\gcc\obj/cloud/zyf_mqtt_ble_app/zyf_custom/module_data.o
                0x103080f4                GetModuleRegData

.text.GetModuleData
                0x1030811c       0x64
 .text.GetModuleData
                0x1030811c       0x64 build\gcc\obj/cloud/zyf_mqtt_ble_app/zyf_custom/module_data.o
                0x1030811c                GetModuleData

.text.GSM_InitModule
                0x10308180      0x164
 .text.GSM_InitModule
                0x10308180      0x164 build\gcc\obj/cloud/zyf_mqtt_ble_app/zyf_custom/new_socket.o
                0x10308180                GSM_InitModule

.text.Check_SystemGprsSta
                0x103082e4       0xc0
 .text.Check_SystemGprsSta
                0x103082e4       0xc0 build\gcc\obj/cloud/zyf_mqtt_ble_app/zyf_custom/new_socket.o
                0x103082e4                Check_SystemGprsSta

.text.power_drv_init
                0x103083a4       0x80
 .text.power_drv_init
                0x103083a4       0x80 build\gcc\obj/cloud/zyf_mqtt_ble_app/zyf_custom/sys.o
                0x103083a4                power_drv_init

.text.LoadDefualtCfg
                0x10308424       0x58
 .text.LoadDefualtCfg
                0x10308424       0x58 build\gcc\obj/cloud/zyf_mqtt_ble_app/zyf_custom/sys.o
                0x10308424                LoadDefualtCfg

.text.ShowSysInfo
                0x1030847c      0x238
 .text.ShowSysInfo
                0x1030847c      0x238 build\gcc\obj/cloud/zyf_mqtt_ble_app/zyf_custom/sys.o
                0x1030847c                ShowSysInfo

.text.SYS_Parameter_Init
                0x103086b4       0x28
 .text.SYS_Parameter_Init
                0x103086b4       0x28 build\gcc\obj/cloud/zyf_mqtt_ble_app/zyf_custom/sys.o
                0x103086b4                SYS_Parameter_Init

.text.Hex2Str   0x103086dc       0x64
 .text.Hex2Str  0x103086dc       0x64 build\gcc\obj/cloud/zyf_mqtt_ble_app/zyf_custom/sys.o
                0x103086dc                Hex2Str

.text.StrToHex  0x10308740       0x6c
 .text.StrToHex
                0x10308740       0x6c build\gcc\obj/cloud/zyf_mqtt_ble_app/zyf_custom/sys.o
                0x10308740                StrToHex

.text.M203C_BSP_init
                0x103087ac       0x20
 .text.M203C_BSP_init
                0x103087ac       0x20 build\gcc\obj/cloud/zyf_mqtt_ble_app/zyf_custom/sys.o
                0x103087ac                M203C_BSP_init

.text.SetSysTime
                0x103087cc       0x4c
 .text.SetSysTime
                0x103087cc       0x4c build\gcc\obj/cloud/zyf_mqtt_ble_app/zyf_custom/tiem.o
                0x103087cc                SetSysTime

.text.GetSysTime
                0x10308818       0x4c
 .text.GetSysTime
                0x10308818       0x4c build\gcc\obj/cloud/zyf_mqtt_ble_app/zyf_custom/tiem.o
                0x10308818                GetSysTime

.text.Uart2UserCommandEncode
                0x10308864       0xe8
 .text.Uart2UserCommandEncode
                0x10308864       0xe8 build\gcc\obj/cloud/zyf_mqtt_ble_app/zyf_custom/uart.o
                0x10308864                Uart2UserCommandEncode

.text.UartInit  0x1030894c       0x60
 .text.UartInit
                0x1030894c       0x60 build\gcc\obj/cloud/zyf_mqtt_ble_app/zyf_custom/uart.o
                0x1030894c                UartInit

.text.Get_Str_Use
                0x103089ac       0x4c
 .text.Get_Str_Use
                0x103089ac       0x4c build\gcc\obj/cloud/zyf_mqtt_ble_app/zyf_custom/uart.o
                0x103089ac                Get_Str_Use

.text.mid       0x103089f8       0x70
 .text.mid      0x103089f8       0x70 build\gcc\obj/cloud/zyf_mqtt_ble_app/zyf_custom/uart.o
                0x103089f8                mid

.text.DeleteMid
                0x10308a68       0xbc
 .text.DeleteMid
                0x10308a68       0xbc build\gcc\obj/cloud/zyf_mqtt_ble_app/zyf_custom/uart.o
                0x10308a68                DeleteMid

.text.GetTime2Use
                0x10308b24      0x14c
 .text.GetTime2Use
                0x10308b24      0x14c build\gcc\obj/cloud/zyf_mqtt_ble_app/zyf_custom/uart.o
                0x10308b24                GetTime2Use

.text.User_Commad_Ays
                0x10308c70      0x4b4
 .text.User_Commad_Ays
                0x10308c70      0x4b4 build\gcc\obj/cloud/zyf_mqtt_ble_app/zyf_custom/uart.o
                0x10308c70                User_Commad_Ays

.text.Callback_UART_Hdlr
                0x10309124       0xb8
 .text.Callback_UART_Hdlr
                0x10309124       0xb8 build\gcc\obj/cloud/zyf_mqtt_ble_app/zyf_custom/uart.o

.text.suffix_object
                0x103091dc        0xc
 .text.suffix_object
                0x103091dc        0xc build\gcc\obj/cloud/zyf_mqtt_ble_app/zyf_protocol/cJSON.o

.text.cJSON_New_Item
                0x103091e8       0x3c
 .text.cJSON_New_Item
                0x103091e8       0x3c build\gcc\obj/cloud/zyf_mqtt_ble_app/zyf_protocol/cJSON.o

.text.cJSON_strdup
                0x10309224       0x50
 .text.cJSON_strdup
                0x10309224       0x50 build\gcc\obj/cloud/zyf_mqtt_ble_app/zyf_protocol/cJSON.o

.text.print_string_ptr
                0x10309274      0x17c
 .text.print_string_ptr
                0x10309274      0x17c build\gcc\obj/cloud/zyf_mqtt_ble_app/zyf_protocol/cJSON.o

.text.print_value
                0x103093f0      0x86c
 .text.print_value
                0x103093f0      0x86c build\gcc\obj/cloud/zyf_mqtt_ble_app/zyf_protocol/cJSON.o

.text.cJSON_Delete
                0x10309c5c       0x84
 .text.cJSON_Delete
                0x10309c5c       0x84 build\gcc\obj/cloud/zyf_mqtt_ble_app/zyf_protocol/cJSON.o
                0x10309c5c                cJSON_Delete

.text.cJSON_Print
                0x10309ce0       0x1c
 .text.cJSON_Print
                0x10309ce0       0x1c build\gcc\obj/cloud/zyf_mqtt_ble_app/zyf_protocol/cJSON.o
                0x10309ce0                cJSON_Print

.text.cJSON_AddItemToArray
                0x10309cfc       0x44
 .text.cJSON_AddItemToArray
                0x10309cfc       0x44 build\gcc\obj/cloud/zyf_mqtt_ble_app/zyf_protocol/cJSON.o
                0x10309cfc                cJSON_AddItemToArray

.text.cJSON_AddItemToObject
                0x10309d40       0x5c
 .text.cJSON_AddItemToObject
                0x10309d40       0x5c build\gcc\obj/cloud/zyf_mqtt_ble_app/zyf_protocol/cJSON.o
                0x10309d40                cJSON_AddItemToObject

.text.cJSON_CreateString
                0x10309d9c       0x40
 .text.cJSON_CreateString
                0x10309d9c       0x40 build\gcc\obj/cloud/zyf_mqtt_ble_app/zyf_protocol/cJSON.o
                0x10309d9c                cJSON_CreateString

.text.cJSON_CreateObject
                0x10309ddc       0x20
 .text.cJSON_CreateObject
                0x10309ddc       0x20 build\gcc\obj/cloud/zyf_mqtt_ble_app/zyf_protocol/cJSON.o
                0x10309ddc                cJSON_CreateObject

.text.zyf_msg_register_data
                0x10309dfc      0x3a4
 .text.zyf_msg_register_data
                0x10309dfc      0x3a4 build\gcc\obj/cloud/zyf_mqtt_ble_app/zyf_protocol/zyf_protocol.o
                0x10309dfc                zyf_msg_register_data

.text.zyf_msg_RegSensor_data
                0x1030a1a0      0x2e0
 .text.zyf_msg_RegSensor_data
                0x1030a1a0      0x2e0 build\gcc\obj/cloud/zyf_mqtt_ble_app/zyf_protocol/zyf_protocol.o
                0x1030a1a0                zyf_msg_RegSensor_data

.text.zyf_msg_Sensor_data
                0x1030a480      0x3cc
 .text.zyf_msg_Sensor_data
                0x1030a480      0x3cc build\gcc\obj/cloud/zyf_mqtt_ble_app/zyf_protocol/zyf_protocol.o
                0x1030a480                zyf_msg_Sensor_data

.text.zyf_ays_cmd
                0x1030a84c       0x68
 .text.zyf_ays_cmd
                0x1030a84c       0x68 build\gcc\obj/cloud/zyf_mqtt_ble_app/zyf_protocol/zyf_protocol.o
                0x1030a84c                zyf_ays_cmd

.text.zyf_msg_Iot_Redata
                0x1030a8b4      0x194
 .text.zyf_msg_Iot_Redata
                0x1030a8b4      0x194 build\gcc\obj/cloud/zyf_mqtt_ble_app/zyf_protocol/zyf_protocol.o
                0x1030a8b4                zyf_msg_Iot_Redata

.text.zyf_decode_cmd
                0x1030aa48      0x30c
 .text.zyf_decode_cmd
                0x1030aa48      0x30c build\gcc\obj/cloud/zyf_mqtt_ble_app/zyf_protocol/zyf_protocol.o
                0x1030aa48                zyf_decode_cmd

.text.zyf_decode_upbcmd
                0x1030ad54      0x380
 .text.zyf_decode_upbcmd
                0x1030ad54      0x380 build\gcc\obj/cloud/zyf_mqtt_ble_app/zyf_protocol/zyf_protocol.o
                0x1030ad54                zyf_decode_upbcmd

.text.Ble_zyf_ReSetdataInit
                0x1030b0d4       0x24
 .text.Ble_zyf_ReSetdataInit
                0x1030b0d4       0x24 build\gcc\obj/cloud/zyf_mqtt_ble_app/zyf_protocol/zyf_protocol.o
                0x1030b0d4                Ble_zyf_ReSetdataInit

.text.Ble_zyf_checkble_data
                0x1030b0f8      0x114
 .text.Ble_zyf_checkble_data
                0x1030b0f8      0x114 build\gcc\obj/cloud/zyf_mqtt_ble_app/zyf_protocol/zyf_protocol.o
                0x1030b0f8                Ble_zyf_checkble_data

.text.Ql_FS_Open
                0x1030b20c       0x68
 .text.Ql_FS_Open
                0x1030b20c       0x68 libs/gcc/app_start.lib(fileSys.o)
                0x1030b20c                Ql_FS_Open

.text.Ql_FS_OpenRAMFile
                0x1030b274       0x70
 .text.Ql_FS_OpenRAMFile
                0x1030b274       0x70 libs/gcc/app_start.lib(fileSys.o)